Component: ARM Compiler 5.06 update 5 (build 528) Tool: armlink [4d35e2]

==============================================================================

Section Cross References

    startup_stm32l053xx.o(RESET) refers to startup_stm32l053xx.o(STACK) for __initial_sp
    startup_stm32l053xx.o(RESET) refers to startup_stm32l053xx.o(.text) for Reset_Handler
    startup_stm32l053xx.o(RESET) refers to stm32l0xx_it.o(i.NMI_Handler) for NMI_Handler
    startup_stm32l053xx.o(RESET) refers to stm32l0xx_it.o(i.HardFault_Handler) for HardFault_Handler
    startup_stm32l053xx.o(RESET) refers to stm32l0xx_it.o(i.SVC_Handler) for SVC_Handler
    startup_stm32l053xx.o(RESET) refers to stm32l0xx_it.o(i.PendSV_Handler) for PendSV_Handler
    startup_stm32l053xx.o(RESET) refers to stm32l0xx_it.o(i.SysTick_Handler) for SysTick_Handler
    startup_stm32l053xx.o(RESET) refers to stm32l0xx_it.o(i.EXTI4_15_IRQHandler) for EXTI4_15_IRQHandler
    startup_stm32l053xx.o(RESET) refers to stm32l0xx_it.o(i.DMA1_Channel2_3_IRQHandler) for DMA1_Channel2_3_IRQHandler
    startup_stm32l053xx.o(RESET) refers to stm32l0xx_it.o(i.DMA1_Channel4_5_6_7_IRQHandler) for DMA1_Channel4_5_6_7_IRQHandler
    startup_stm32l053xx.o(RESET) refers to stm32l0xx_it.o(i.TIM2_IRQHandler) for TIM2_IRQHandler
    startup_stm32l053xx.o(RESET) refers to stm32l0xx_it.o(i.TIM6_DAC_IRQHandler) for TIM6_DAC_IRQHandler
    startup_stm32l053xx.o(RESET) refers to stm32l0xx_it.o(i.USART1_IRQHandler) for USART1_IRQHandler
    startup_stm32l053xx.o(RESET) refers to stm32l0xx_it.o(i.USART2_IRQHandler) for USART2_IRQHandler
    startup_stm32l053xx.o(.text) refers to system_stm32l0xx.o(i.SystemInit) for SystemInit
    startup_stm32l053xx.o(.text) refers to entry.o(.ARM.Collect$$$$00000000) for __main
    gps_greatcircle.o(i.convert_str_to_float) refers to atof.o(i.atof) for atof
    gps_greatcircle.o(i.convert_str_to_float) refers to d2f.o(.text) for __aeabi_d2f
    gps_greatcircle.o(i.convert_str_to_float) refers to cfcmple.o(.text) for __aeabi_cfcmpeq
    gps_greatcircle.o(i.convert_str_to_float) refers to gps_greatcircle.o(.data) for gps_pos
    gps_greatcircle.o(i.convert_str_to_float) refers to nmea_parser.o(.bss) for gps_struct
    gps_greatcircle.o(i.get_distance) refers to gps_greatcircle.o(i.convert_str_to_float) for convert_str_to_float
    gps_greatcircle.o(i.get_distance) refers to f2d.o(.text) for __aeabi_f2d
    gps_greatcircle.o(i.get_distance) refers to dmul.o(.text) for __aeabi_dmul
    gps_greatcircle.o(i.get_distance) refers to ddiv.o(.text) for __aeabi_ddiv
    gps_greatcircle.o(i.get_distance) refers to d2f.o(.text) for __aeabi_d2f
    gps_greatcircle.o(i.get_distance) refers to cos.o(i.cos) for cos
    gps_greatcircle.o(i.get_distance) refers to sin.o(i.sin) for sin
    gps_greatcircle.o(i.get_distance) refers to fadd.o(.text) for __aeabi_fsub
    gps_greatcircle.o(i.get_distance) refers to fmul.o(.text) for __aeabi_fmul
    gps_greatcircle.o(i.get_distance) refers to pow.o(i.pow) for pow
    gps_greatcircle.o(i.get_distance) refers to dadd.o(.text) for __aeabi_dadd
    gps_greatcircle.o(i.get_distance) refers to sqrt.o(i.sqrt) for sqrt
    gps_greatcircle.o(i.get_distance) refers to atan2.o(i.atan2) for atan2
    gps_greatcircle.o(i.get_distance) refers to ffixui.o(.text) for __aeabi_f2uiz
    gps_greatcircle.o(i.get_distance) refers to gps_greatcircle.o(.data) for gps_pos
    gps_greatcircle.o(i.zero_point_init) refers to uart.o(i.n720_uart_rcv_package_it) for n720_uart_rcv_package_it
    gps_greatcircle.o(i.zero_point_init) refers to nmea_parser.o(i.GPRMC_parser) for GPRMC_parser
    gps_greatcircle.o(i.zero_point_init) refers to atof.o(i.atof) for atof
    gps_greatcircle.o(i.zero_point_init) refers to d2f.o(.text) for __aeabi_d2f
    gps_greatcircle.o(i.zero_point_init) refers to gps_greatcircle.o(.data) for gps_pos_old
    gps_greatcircle.o(i.zero_point_init) refers to nmea_parser.o(.bss) for gprmc_struct
    main_task.o(i.get_temp_subtotal_mil) refers to main_task.o(.data) for subtotal_mil
    main_task.o(i.get_temp_total_mil) refers to main_task.o(.data) for total_mil
    main_task.o(i.main_task) refers to main_task.o(i.print_run) for print_run
    main_task.o(i.main_task) refers to main_task.o(i.service_print_run) for service_print_run
    main_task.o(i.main_task) refers to eeprom.o(i.eeprom_init) for eeprom_init
    main_task.o(i.main_task) refers to eeprom.o(i.eeprom_read_totalmil) for eeprom_read_totalmil
    main_task.o(i.main_task) refers to eeprom.o(i.eeprom_read_subtotalmil) for eeprom_read_subtotalmil
    main_task.o(i.main_task) refers to stm32l0xx_hal_tim.o(i.HAL_TIM_Base_Start_IT) for HAL_TIM_Base_Start_IT
    main_task.o(i.main_task) refers to stm32l0xx_hal_tim.o(i.HAL_TIM_IC_Start_IT) for HAL_TIM_IC_Start_IT
    main_task.o(i.main_task) refers to uart.o(i.service_uart_rcv_package_it) for service_uart_rcv_package_it
    main_task.o(i.main_task) refers to n720.o(i.n720_ini) for n720_ini
[...]
    i.atan2                                  0x08006358   Section        0  atan2.o(i.atan2)
    i.atof                                   0x080064d0   Section        0  atof.o(i.atof)
    i.checkSum                               0x080064fc   Section        0  nmea_parser.o(i.checkSum)
    i.convert_str_to_float                   0x080065f0   Section        0  gps_greatcircle.o(i.convert_str_to_float)
    convert_str_to_float                     0x080065f1   Thumb Code    76  gps_greatcircle.o(i.convert_str_to_float)
    i.cos                                    0x08006644   Section        0  cos.o(i.cos)
    i.eeprom_check_crc                       0x080066dc   Section        0  eeprom.o(i.eeprom_check_crc)
    i.eeprom_create_checksum                 0x08006744   Section        0  eeprom.o(i.eeprom_create_checksum)
    i.eeprom_erase                           0x080067a0   Section        0  eeprom.o(i.eeprom_erase)
    i.eeprom_error_handler                   0x080067e8   Section        0  eeprom.o(i.eeprom_error_handler)
    i.eeprom_find_mark                       0x0800680c   Section        0  eeprom.o(i.eeprom_find_mark)
    i.eeprom_init                            0x080068c0   Section        0  eeprom.o(i.eeprom_init)
    i.eeprom_rdsr                            0x08006988   Section        0  eeprom.o(i.eeprom_rdsr)
    i.eeprom_read_all                        0x080069e8   Section        0  eeprom.o(i.eeprom_read_all)
    i.eeprom_read_block                      0x08006a24   Section        0  eeprom.o(i.eeprom_read_block)
    i.eeprom_read_byte                       0x08006ad8   Section        0  eeprom.o(i.eeprom_read_byte)
    i.eeprom_read_subtotalmil                0x08006b50   Section        0  eeprom.o(i.eeprom_read_subtotalmil)
    i.eeprom_read_totalmil                   0x08006ba4   Section        0  eeprom.o(i.eeprom_read_totalmil)
    i.eeprom_send_block_to_uart              0x08006bf8   Section        0  eeprom.o(i.eeprom_send_block_to_uart)
    i.eeprom_wren                            0x08006ca8   Section        0  eeprom.o(i.eeprom_wren)
    i.eeprom_write_block                     0x08006d00   Section        0  eeprom.o(i.eeprom_write_block)
    i.eeprom_write_byte                      0x08006df8   Section        0  eeprom.o(i.eeprom_write_byte)
    i.eeprom_write_mileage                   0x08006e7c   Section        0  eeprom.o(i.eeprom_write_mileage)
    i.eeprom_write_subtotalmil               0x08006ee4   Section        0  eeprom.o(i.eeprom_write_subtotalmil)
    i.eeprom_write_totalmil                  0x08006f40   Section        0  eeprom.o(i.eeprom_write_totalmil)
    i.get_distance                           0x08006f9c   Section        0  gps_greatcircle.o(i.get_distance)
    i.get_ok                                 0x080071e0   Section        0  nmea_parser.o(i.get_ok)
    i.get_temp_subtotal_mil                  0x08007270   Section        0  main_task.o(i.get_temp_subtotal_mil)
    i.get_temp_total_mil                     0x0800727c   Section        0  main_task.o(i.get_temp_total_mil)
    i.in_handler                             0x08007288   Section        0  indication.o(i.in_handler)
    i.indication_handler                     0x08007568   Section        0  indication.o(i.indication_handler)
    i.indication_init                        0x0800758c   Section        0  indication.o(i.indication_init)
    i.info_parser                            0x080075cc   Section        0  nmea_parser.o(i.info_parser)
    i.is_eeprom_empty                        0x08007740   Section        0  eeprom.o(i.is_eeprom_empty)
    i.knots_to_kmh                           0x08007770   Section        0  nmea_parser.o(i.knots_to_kmh)
    i.main                                   0x080077c8   Section        0  main.o(i.main)
    i.main_task                              0x08007830   Section        0  main_task.o(i.main_task)
    i.n720_ack_timeout                       0x08007980   Section        0  nmea_parser.o(i.n720_ack_timeout)
    i.n720_clear_rx                          0x080079a8   Section        0  uart.o(i.n720_clear_rx)
    i.n720_clear_tx                          0x080079b8   Section        0  uart.o(i.n720_clear_tx)
    i.n720_ini                               0x080079c8   Section        0  n720.o(i.n720_ini)
    i.n720_ini_handler                       0x08007a5c   Section        0  n720.o(i.n720_ini_handler)
    i.n720_uart_rcv_package_it               0x08007b2c   Section        0  uart.o(i.n720_uart_rcv_package_it)
    i.n720_uart_transmit_package_dma         0x08007b68   Section        0  uart.o(i.n720_uart_transmit_package_dma)
    i.n720_uart_transmit_str_dma             0x08007bb8   Section        0  uart.o(i.n720_uart_transmit_str_dma)
    i.pow                                    0x08007c04   Section        0  pow.o(i.pow)
    i.print_run                              0x08008600   Section        0  main_task.o(i.print_run)
    i.rcv_error_handler                      0x08008620   Section        0  uart.o(i.rcv_error_handler)
    i.reboot_neoway                          0x08008680   Section        0  n720.o(i.reboot_neoway)
    i.reset_temp_subtotal_mil                0x08008688   Section        0  main_task.o(i.reset_temp_subtotal_mil)
    i.service_clear_rx                       0x08008694   Section        0  uart.o(i.service_clear_rx)
    i.service_clear_tx                       0x080086a4   Section        0  uart.o(i.service_clear_tx)
    i.service_parser                         0x080086b4   Section        0  uart.o(i.service_parser)
    i.service_print_run                      0x08008e34   Section        0  main_task.o(i.service_print_run)
    i.service_uart_rcv_package_it            0x08008e58   Section        0  uart.o(i.service_uart_rcv_package_it)
    i.service_uart_transmit_package_dma      0x08008e84   Section        0  uart.o(i.service_uart_transmit_package_dma)
    i.service_uart_transmit_str_dma          0x08008ed4   Section        0  uart.o(i.service_uart_transmit_str_dma)
    i.set_float_gprmc                        0x08008f20   Section        0  nmea_parser.o(i.set_float_gprmc)
    i.sin                                    0x08009014   Section        0  sin.o(i.sin)
    i.sqrt                                   0x080090b0   Section        0  sqrt.o(i.sqrt)
    i.transmit_error_handler                 0x080090f8   Section        0  uart.o(i.transmit_error_handler)
    i.waiting                                0x08009158   Section        0  n720.o(i.waiting)
    i.zero_point_init                        0x080091ac   Section        0  gps_greatcircle.o(i.zero_point_init)
    .constdata                               0x08009200   Section       33  system_stm32l0xx.o(.constdata)
    .constdata                               0x08009228   Section      136  pow.o(.constdata)
    bp                                       0x08009228   Data          16  pow.o(.constdata)
    dp_h                                     0x08009238   Data          16  pow.o(.constdata)
    dp_l                                     0x08009248   Data          16  pow.o(.constdata)
    L                                        0x08009258   Data          48  pow.o(.constdata)
    P                                        0x08009288   Data          40  pow.o(.constdata)
    .constdata                               0x080092b0   Section      152  atan.o(.constdata)
    atanhi                                   0x080092b0   Data          32  atan.o(.constdata)
    atanlo                                   0x080092d0   Data          32  atan.o(.constdata)
    aTodd                                    0x080092f0   Data          40  atan.o(.constdata)
    aTeven                                   0x08009318   Data          48  atan.o(.constdata)
    .constdata                               0x08009348   Section       48  cos_i.o(.constdata)
    C                                        0x08009348   Data          48  cos_i.o(.constdata)
    .constdata                               0x08009378   Section        8  qnan.o(.constdata)
    .constdata                               0x08009380   Section      200  rred.o(.constdata)
    pio2s                                    0x08009380   Data          48  rred.o(.constdata)
    twooverpi                                0x080093b0   Data         152  rred.o(.constdata)
    .constdata                               0x08009448   Section       40  sin_i.o(.constdata)
    S                                        0x08009448   Data          40  sin_i.o(.constdata)
    .constdata                               0x08009470   Section      129  ctype_o.o(.constdata)
    .constdata                               0x080094f4   Section        4  ctype_o.o(.constdata)
    table                                    0x080094f4   Data           4  ctype_o.o(.constdata)
    .conststring                             0x080094f8   Section       76  nmea_parser.o(.conststring)
    .conststring                             0x08009544   Section      497  uart.o(.conststring)
    .conststring                             0x08009738   Section       71  n720.o(.conststring)
    .data                                    0x20000000   Section       16  gps_greatcircle.o(.data)
    .data                                    0x20000010   Section       12  main_task.o(.data)
    total_mil                                0x20000014   Data           4  main_task.o(.data)
    subtotal_mil                             0x20000018   Data           4  main_task.o(.data)
    .data                                    0x2000001c   Section        2  nmea_parser.o(.data)
    .data                                    0x2000001e   Section        9  uart.o(.data)
    .data                                    0x20000028   Section        8  n720.o(.data)
    switcher                                 0x20000029   Data           1  n720.o(.data)
    neoway_tick                              0x2000002c   Data           4  n720.o(.data)
    .data                                    0x20000030   Section        5  eeprom.o(.data)
    .data                                    0x20000038   Section       13  indication.o(.data)
    lsh_counter                              0x2000003c   Data           1  indication.o(.data)
    switcher                                 0x2000003d   Data           1  indication.o(.data)
    indication_tick                          0x20000040   Data           4  indication.o(.data)
    .data                                    0x20000048   Section        4  stm32l0xx_hal.o(.data)
    .data                                    0x2000004c   Section        4  system_stm32l0xx.o(.data)
    .data                                    0x20000050   Section        4  errno.o(.data)
    _errno                                   0x20000050   Data           4  errno.o(.data)
    .bss                                     0x20000054   Section      189  nmea_parser.o(.bss)
    .bss                                     0x20000111   Section      512  uart.o(.bss)
    .bss                                     0x20000312   Section       64  eeprom.o(.bss)
    .bss                                     0x20000354   Section      976  main.o(.bss)
    STACK                                    0x20000728   Section     1024  startup_stm32l053xx.o(STACK)

    Global Symbols

    Symbol Name                              Value     Ov Type        Size  Object(Section)

    BuildAttributes$$THM_ISAv3M$S$PE$A:L22$X:L11$S22$IEEE1$IW$USESV6$~STKCKD$USESV7$~SHL$OTIME$ROPI$IEEEX$EBA8$MICROLIB$REQ8$PRES8$EABIv2 0x00000000   Number         0  anon$$obj.o ABSOLUTE
    __ARM_use_no_argv                        0x00000000   Number         0  main.o ABSOLUTE
    _printf_a                                0x00000000   Number         0  stubs.o ABSOLUTE
    _printf_c                                0x00000000   Number         0  stubs.o ABSOLUTE
    _printf_charcount                        0x00000000   Number         0  stubs.o ABSOLUTE
    _printf_d                                0x00000000   Number         0  stubs.o ABSOLUTE
    _printf_e                                0x00000000   Number         0  stubs.o ABSOLUTE
    _printf_f                                0x00000000   Number         0  stubs.o ABSOLUTE
    _printf_flags                            0x00000000   Number         0  stubs.o ABSOLUTE
    _printf_fp_dec                           0x00000000   Number         0  stubs.o ABSOLUTE
    _printf_fp_hex                           0x00000000   Number         0  stubs.o ABSOLUTE
    _printf_g                                0x00000000   Number         0  stubs.o ABSOLUTE
    _printf_i                                0x00000000   Number         0  stubs.o ABSOLUTE
    _printf_int_dec                          0x00000000   Number         0  stubs.o ABSOLUTE
    _printf_l                                0x00000000   Number         0  stubs.o ABSOLUTE
    _printf_lc                               0x00000000   Number         0  stubs.o ABSOLUTE
    _printf_ll                               0x00000000   Number         0  stubs.o ABSOLUTE
    _printf_lld                              0x00000000   Number         0  stubs.o ABSOLUTE
    _printf_lli                              0x00000000   Number         0  stubs.o ABSOLUTE
    _printf_llo                              0x00000000   Number         0  stubs.o ABSOLUTE
    _printf_llu                              0x00000000   Number         0  stubs.o ABSOLUTE
    _printf_llx                              0x00000000   Number         0  stubs.o ABSOLUTE
    _printf_longlong_dec                     0x00000000   Number         0  stubs.o ABSOLUTE
    _printf_longlong_hex                     0x00000000   Number         0  stubs.o ABSOLUTE
    _printf_longlong_oct                     0x00000000   Number         0  stubs.o ABSOLUTE
    _printf_ls                               0x00000000   Number         0  stubs.o ABSOLUTE
    _printf_mbtowc                           0x00000000   Number         0  stubs.o ABSOLUTE
    _printf_n                                0x00000000   Number         0  stubs.o ABSOLUTE
    _printf_o                                0x00000000   Number         0  stubs.o ABSOLUTE
    _printf_p                                0x00000000   Number         0  stubs.o ABSOLUTE
    _printf_percent                          0x00000000   Number         0  stubs.o ABSOLUTE
    _printf_pre_padding                      0x00000000   Number         0  stubs.o ABSOLUTE
    _printf_return_value                     0x00000000   Number         0  stubs.o ABSOLUTE
    _printf_s                                0x00000000   Number         0  stubs.o ABSOLUTE
    _printf_sizespec                         0x00000000   Number         0  stubs.o ABSOLUTE
    _printf_str                              0x00000000   Number         0  stubs.o ABSOLUTE
    _printf_truncate_signed                  0x00000000   Number         0  stubs.o ABSOLUTE
    _printf_truncate_unsigned                0x00000000   Number         0  stubs.o ABSOLUTE
    _printf_u                                0x00000000   Number         0  stubs.o ABSOLUTE
    _printf_wc                               0x00000000   Number         0  stubs.o ABSOLUTE
    _printf_wctomb                           0x00000000   Number         0  stubs.o ABSOLUTE
    _printf_widthprec                        0x00000000   Number         0  stubs.o ABSOLUTE
    _printf_x                                0x00000000   Number         0  stubs.o ABSOLUTE
    __cpp_initialize__aeabi_                  - Undefined Weak Reference
    __cxa_finalize                            - Undefined Weak Reference
    __decompress                              - Undefined Weak Reference
    _clock_init                               - Undefined Weak Reference
    _microlib_exit                            - Undefined Weak Reference
    __Vectors_Size                           0x000000c0   Number         0  startup_stm32l053xx.o ABSOLUTE
    __Vectors                                0x08000000   Data           4  startup_stm32l053xx.o(RESET)
    __Vectors_End                            0x080000c0   Data           0  startup_stm32l053xx.o(RESET)
    __main                                   0x080000c1   Thumb Code     0  entry.o(.ARM.Collect$$$$00000000)
    _main_stk                                0x080000c1   Thumb Code     0  entry2.o(.ARM.Collect$$$$00000001)
    _main_scatterload                        0x080000c5   Thumb Code     0  entry5.o(.ARM.Collect$$$$00000004)
    __main_after_scatterload                 0x080000c9   Thumb Code     0  entry5.o(.ARM.Collect$$$$00000004)
    _main_clock                              0x080000c9   Thumb Code     0  entry7b.o(.ARM.Collect$$$$00000008)
    _main_cpp_init                           0x080000c9   Thumb Code     0  entry8b.o(.ARM.Collect$$$$0000000A)
    _main_init                               0x080000c9   Thumb Code     0  entry9a.o(.ARM.Collect$$$$0000000B)
    __rt_final_cpp                           0x080000d1   Thumb Code     0  entry10a.o(.ARM.Collect$$$$0000000D)
    __rt_final_exit                          0x080000d1   Thumb Code     0  entry11a.o(.ARM.Collect$$$$0000000F)
    Reset_Handler                            0x080000d5   Thumb Code     8  startup_stm32l053xx.o(.text)
    ADC1_COMP_IRQHandler                     0x080000e7   Thumb Code     0  startup_stm32l053xx.o(.text)
    DMA1_Channel1_IRQHandler                 0x080000e7   Thumb Code     0  startup_stm32l053xx.o(.text)
    EXTI0_1_IRQHandler                       0x080000e7   Thumb Code     0  startup_stm32l053xx.o(.text)
    EXTI2_3_IRQHandler                       0x080000e7   Thumb Code     0  startup_stm32l053xx.o(.text)
    FLASH_IRQHandler                         0x080000e7   Thumb Code     0  startup_stm32l053xx.o(.text)
    I2C1_IRQHandler                          0x080000e7   Thumb Code     0  startup_stm32l053xx.o(.text)
    I2C2_IRQHandler                          0x080000e7   Thumb Code     0  startup_stm32l053xx.o(.text)
    LCD_IRQHandler                           0x080000e7   Thumb Code     0  startup_stm32l053xx.o(.text)
    LPTIM1_IRQHandler                        0x080000e7   Thumb Code     0  startup_stm32l053xx.o(.text)
    PVD_IRQHandler                           0x080000e7   Thumb Code     0  startup_stm32l053xx.o(.text)
    RCC_CRS_IRQHandler                       0x080000e7   Thumb Code     0  startup_stm32l053xx.o(.text)
    RNG_LPUART1_IRQHandler                   0x080000e7   Thumb Code     0  startup_stm32l053xx.o(.text)
    RTC_IRQHandler                           0x080000e7   Thumb Code     0  startup_stm32l053xx.o(.text)
    SPI1_IRQHandler                          0x080000e7   Thumb Code     0  startup_stm32l053xx.o(.text)
    SPI2_IRQHandler                          0x080000e7   Thumb Code     0  startup_stm32l053xx.o(.text)
    TIM21_IRQHandler                         0x080000e7   Thumb Code     0  startup_stm32l053xx.o(.text)
    TIM22_IRQHandler                         0x080000e7   Thumb Code     0  startup_stm32l053xx.o(.text)
    TSC_IRQHandler                           0x080000e7   Thumb Code     0  startup_stm32l053xx.o(.text)
    USB_IRQHandler                           0x080000e7   Thumb Code     0  startup_stm32l053xx.o(.text)
    WWDG_IRQHandler                          0x080000e7   Thumb Code     0  startup_stm32l053xx.o(.text)
    __aeabi_uidiv                            0x080000f1   Thumb Code     0  uidiv.o(.text)
    __aeabi_uidivmod                         0x080000f1   Thumb Code    44  uidiv.o(.text)
    __aeabi_idiv                             0x0800011d   Thumb Code     0  idiv.o(.text)
    __aeabi_idivmod                          0x0800011d   Thumb Code    40  idiv.o(.text)
    __aeabi_uldivmod                         0x08000145   Thumb Code    96  uldiv.o(.text)
    __aeabi_memcpy                           0x080001a5   Thumb Code    36  memcpya.o(.text)
    __aeabi_memcpy4                          0x080001a5   Thumb Code     0  memcpya.o(.text)
    __aeabi_memcpy8                          0x080001a5   Thumb Code     0  memcpya.o(.text)
    __aeabi_memset                           0x080001c9   Thumb Code    14  memseta.o(.text)
    __aeabi_memset4                          0x080001c9   Thumb Code     0  memseta.o(.text)
    __aeabi_memset8                          0x080001c9   Thumb Code     0  memseta.o(.text)
    __aeabi_memclr                           0x080001d7   Thumb Code     4  memseta.o(.text)
    __aeabi_memclr4                          0x080001d7   Thumb Code     0  memseta.o(.text)
    __aeabi_memclr8                          0x080001d7   Thumb Code     0  memseta.o(.text)
    _memset$wrapper                          0x080001db   Thumb Code    18  memseta.o(.text)
    strlen                                   0x080001ed   Thumb Code    14  strlen.o(.text)
    atoi                                     0x080001fb   Thumb Code    26  atoi.o(.text)
    __aeabi_fadd                             0x08000215   Thumb Code   162  fadd.o(.text)
    __aeabi_fsub                             0x080002b7   Thumb Code     8  fadd.o(.text)
    __aeabi_frsub                            0x080002bf   Thumb Code     8  fadd.o(.text)
    __aeabi_fmul                             0x080002c7   Thumb Code   122  fmul.o(.text)
    __aeabi_dadd                             0x08000341   Thumb Code   328  dadd.o(.text)
    __aeabi_dsub                             0x08000489   Thumb Code    12  dadd.o(.text)
    __aeabi_drsub                            0x08000495   Thumb Code    12  dadd.o(.text)
    __aeabi_dmul                             0x080004a5   Thumb Code   202  dmul.o(.text)
    __aeabi_ddiv                             0x08000575   Thumb Code   234  ddiv.o(.text)
    __aeabi_f2uiz                            0x08000665   Thumb Code    40  ffixui.o(.text)
    __aeabi_f2d                              0x0800068d   Thumb Code    40  f2d.o(.text)
    __aeabi_cdcmpeq                          0x080006b5   Thumb Code     0  cdcmple.o(.text)
    __aeabi_cdcmple                          0x080006b5   Thumb Code    38  cdcmple.o(.text)
    __aeabi_d2f                              0x080006dd   Thumb Code    56  d2f.o(.text)
    __aeabi_cfcmpeq                          0x08000715   Thumb Code     0  cfcmple.o(.text)
    __aeabi_cfcmple                          0x08000715   Thumb Code    20  cfcmple.o(.text)
    __aeabi_llsl                             0x08000729   Thumb Code    32  llshl.o(.text)
    _ll_shift_l                              0x08000729   Thumb Code     0  llshl.o(.text)
    __aeabi_llsr                             0x08000749   Thumb Code    34  llushr.o(.text)
    _ll_ushift_r                             0x08000749   Thumb Code     0  llushr.o(.text)
    __aeabi_lasr                             0x0800076b   Thumb Code    38  llsshr.o(.text)
    _ll_sshift_r                             0x0800076b   Thumb Code     0  llsshr.o(.text)
    __strtod_int                             0x080007c7   Thumb Code    94  strtod.o(.text)
    strtol                                   0x08000835   Thumb Code   108  strtol.o(.text)
    __I$use$fp                               0x080008a5   Thumb Code     0  iusefp.o(.text)
    _float_round                             0x080008a5   Thumb Code    16  fepilogue.o(.text)
    _float_epilogue                          0x080008b5   Thumb Code   114  fepilogue.o(.text)
    _double_round                            0x08000927   Thumb Code    26  depilogue.o(.text)
    _double_epilogue                         0x08000941   Thumb Code   164  depilogue.o(.text)
    __ARM_scalbn                             0x080009e5   Thumb Code    44  dscalb.o(.text)
    scalbn                                   0x080009e5   Thumb Code     0  dscalb.o(.text)
    _dsqrt                                   0x08000a11   Thumb Code   162  dsqrt.o(.text)
    __aeabi_i2d                              0x08000ab5   Thumb Code    34  dflti.o(.text)
    __aeabi_d2ulz                            0x08000add   Thumb Code    54  dfixul.o(.text)
    __aeabi_cdrcmple                         0x08000b1d   Thumb Code    38  cdrcmple.o(.text)
    __scatterload                            0x08000b45   Thumb Code    28  init.o(.text)
    __scatterload_rt2                        0x08000b45   Thumb Code     0  init.o(.text)
    __rt_ctype_table                         0x08000b69   Thumb Code     4  ctype_o.o(.text)
    isspace                                  0x08000b71   Thumb Code    18  isspace_o.o(.text)
    _scanf_real                              0x08000ca3   Thumb Code     0  scanf_fp.o(.text)
    _scanf_really_real                       0x08000ca3   Thumb Code   586  scanf_fp.o(.text)
    _sgetc                                   0x08000ef9   Thumb Code    32  _sgetc.o(.text)
    _sbackspace                              0x08000f19   Thumb Code    36  _sgetc.o(.text)
    _strtoul                                 0x08000f3d   Thumb Code   166  _strtoul.o(.text)
    __aeabi_ui2d                             0x08000fe5   Thumb Code    24  dfltui.o(.text)
    __aeabi_d2iz                             0x08001001   Thumb Code    62  dfixi.o(.text)
    __aeabi_lmul                             0x08001049   Thumb Code   122  llmul.o(.text)
    _ll_mul                                  0x08001049   Thumb Code     0  llmul.o(.text)
    _chval                                   0x080010c3   Thumb Code    30  _chval.o(.text)
    __aeabi_ul2d                             0x080010e1   Thumb Code    22  dfltul.o(.text)
    DMA1_Channel2_3_IRQHandler               0x080010fd   Thumb Code    16  stm32l0xx_it.o(i.DMA1_Channel2_3_IRQHandler)
    DMA1_Channel4_5_6_7_IRQHandler           0x08001115   Thumb Code    22  stm32l0xx_it.o(i.DMA1_Channel4_5_6_7_IRQHandler)
    EXTI4_15_IRQHandler                      0x08001167   Thumb Code    20  stm32l0xx_it.o(i.EXTI4_15_IRQHandler)
    Error_Handler                            0x0800117b   Thumb Code     2  main.o(i.Error_Handler)
    GPRMC_parser                             0x0800117d   Thumb Code   560  nmea_parser.o(i.GPRMC_parser)
    HAL_DMA_Abort_IT                         0x080013dd   Thumb Code    92  stm32l0xx_hal_dma.o(i.HAL_DMA_Abort_IT)
    HAL_DMA_IRQHandler                       0x08001439   Thumb Code   264  stm32l0xx_hal_dma.o(i.HAL_DMA_IRQHandler)
    HAL_DMA_Init                             0x08001541   Thumb Code   158  stm32l0xx_hal_dma.o(i.HAL_DMA_Init)
    HAL_DMA_Start_IT                         0x080015e9   Thumb Code   154  stm32l0xx_hal_dma.o(i.HAL_DMA_Start_IT)
    HAL_Delay                                0x08001683   Thumb Code    34  stm32l0xx_hal.o(i.HAL_Delay)
    HAL_GPIO_EXTI_Callback                   0x080016a5   Thumb Code     2  stm32l0xx_hal_gpio.o(i.HAL_GPIO_EXTI_Callback)
    HAL_GPIO_EXTI_IRQHandler                 0x080016a9   Thumb Code    26  stm32l0xx_hal_gpio.o(i.HAL_GPIO_EXTI_IRQHandler)
    HAL_GPIO_Init                            0x080016c9   Thumb Code   462  stm32l0xx_hal_gpio.o(i.HAL_GPIO_Init)
    HAL_GPIO_ReadPin                         0x080018b5   Thumb Code    18  stm32l0xx_hal_gpio.o(i.HAL_GPIO_ReadPin)
    HAL_GPIO_TogglePin                       0x080018c7   Thumb Code     8  stm32l0xx_hal_gpio.o(i.HAL_GPIO_TogglePin)
    HAL_GPIO_WritePin                        0x080018cf   Thumb Code    12  stm32l0xx_hal_gpio.o(i.HAL_GPIO_WritePin)
    HAL_GetTick                              0x080018dd   Thumb Code     6  stm32l0xx_hal.o(i.HAL_GetTick)
    HAL_I2CEx_ConfigAnalogFilter             0x080018e9   Thumb Code   110  stm32l0xx_hal_i2c_ex.o(i.HAL_I2CEx_ConfigAnalogFilter)
    HAL_I2CEx_ConfigDigitalFilter            0x08001957   Thumb Code   112  stm32l0xx_hal_i2c_ex.o(i.HAL_I2CEx_ConfigDigitalFilter)
    HAL_I2C_Init                             0x080019c9   Thumb Code   208  stm32l0xx_hal_i2c.o(i.HAL_I2C_Init)
    HAL_I2C_MspInit                          0x08001a9d   Thumb Code   194  stm32l0xx_hal_msp.o(i.HAL_I2C_MspInit)
    HAL_IncTick                              0x08001b71   Thumb Code    12  stm32l0xx_hal.o(i.HAL_IncTick)
    HAL_Init                                 0x08001b81   Thumb Code    38  stm32l0xx_hal.o(i.HAL_Init)
    HAL_InitTick                             0x08001bad   Thumb Code    46  stm32l0xx_hal.o(i.HAL_InitTick)
    HAL_MspInit                              0x08001be1   Thumb Code    26  stm32l0xx_hal_msp.o(i.HAL_MspInit)
    HAL_NVIC_EnableIRQ                       0x08001c01   Thumb Code    18  stm32l0xx_hal_cortex.o(i.HAL_NVIC_EnableIRQ)
    HAL_NVIC_SetPriority                     0x08001c19   Thumb Code    18  stm32l0xx_hal_cortex.o(i.HAL_NVIC_SetPriority)
    HAL_NVIC_SystemReset                     0x08001c2d   Thumb Code    48  stm32l0xx_hal_cortex.o(i.HAL_NVIC_SystemReset)
    HAL_RCCEx_PeriphCLKConfig                0x08001c65   Thumb Code   634  stm32l0xx_hal_rcc_ex.o(i.HAL_RCCEx_PeriphCLKConfig)
    HAL_RCC_ClockConfig                      0x08001eed   Thumb Code   498  stm32l0xx_hal_rcc.o(i.HAL_RCC_ClockConfig)
    HAL_RCC_GetHCLKFreq                      0x080020f5   Thumb Code     6  stm32l0xx_hal_rcc.o(i.HAL_RCC_GetHCLKFreq)
    HAL_RCC_GetPCLK1Freq                     0x08002101   Thumb Code    26  stm32l0xx_hal_rcc.o(i.HAL_RCC_GetPCLK1Freq)
    HAL_RCC_GetPCLK2Freq                     0x08002125   Thumb Code    26  stm32l0xx_hal_rcc.o(i.HAL_RCC_GetPCLK2Freq)
    HAL_RCC_GetSysClockFreq                  0x08002149   Thumb Code   186  stm32l0xx_hal_rcc.o(i.HAL_RCC_GetSysClockFreq)
    HAL_RCC_OscConfig                        0x08002219   Thumb Code  1734  stm32l0xx_hal_rcc.o(i.HAL_RCC_OscConfig)
    HAL_SPI_ErrorCallback                    0x080028f1   Thumb Code     2  stm32l0xx_hal_spi.o(i.HAL_SPI_ErrorCallback)
    HAL_SPI_Init                             0x080028f3   Thumb Code   146  stm32l0xx_hal_spi.o(i.HAL_SPI_Init)
    HAL_SPI_MspInit                          0x08002985   Thumb Code   208  stm32l0xx_hal_msp.o(i.HAL_SPI_MspInit)
    HAL_SPI_RxCpltCallback                   0x08002a69   Thumb Code     2  stm32l0xx_hal_spi.o(i.HAL_SPI_RxCpltCallback)
    HAL_SPI_RxHalfCpltCallback               0x08002a6b   Thumb Code     2  stm32l0xx_hal_spi.o(i.HAL_SPI_RxHalfCpltCallback)
    HAL_SPI_TransmitReceive_DMA              0x08002a6d   Thumb Code   358  stm32l0xx_hal_spi.o(i.HAL_SPI_TransmitReceive_DMA)
    HAL_SPI_Transmit_DMA                     0x08002be9   Thumb Code   236  stm32l0xx_hal_spi.o(i.HAL_SPI_Transmit_DMA)
    HAL_SPI_TxCpltCallback                   0x08002ce1   Thumb Code     2  stm32l0xx_hal_spi.o(i.HAL_SPI_TxCpltCallback)
    HAL_SPI_TxHalfCpltCallback               0x08002ce3   Thumb Code     2  stm32l0xx_hal_spi.o(i.HAL_SPI_TxHalfCpltCallback)
    HAL_SPI_TxRxCpltCallback                 0x08002ce5   Thumb Code     2  stm32l0xx_hal_spi.o(i.HAL_SPI_TxRxCpltCallback)
    HAL_SPI_TxRxHalfCpltCallback             0x08002ce7   Thumb Code     2  stm32l0xx_hal_spi.o(i.HAL_SPI_TxRxHalfCpltCallback)
    HAL_SYSTICK_Config                       0x08002ce9   Thumb Code    46  stm32l0xx_hal_cortex.o(i.HAL_SYSTICK_Config)
    HAL_TIMEx_MasterConfigSynchronization    0x08002d21   Thumb Code    92  stm32l0xx_hal_tim_ex.o(i.HAL_TIMEx_MasterConfigSynchronization)
    HAL_TIM_Base_Init                        0x08002d7d   Thumb Code    56  stm32l0xx_hal_tim.o(i.HAL_TIM_Base_Init)
    HAL_TIM_Base_MspInit                     0x08002db5   Thumb Code   150  stm32l0xx_hal_msp.o(i.HAL_TIM_Base_MspInit)
    HAL_TIM_Base_Start_IT                    0x08002e55   Thumb Code    42  stm32l0xx_hal_tim.o(i.HAL_TIM_Base_Start_IT)
    HAL_TIM_Base_Stop_IT                     0x08002e81   Thumb Code    46  stm32l0xx_hal_tim.o(i.HAL_TIM_Base_Stop_IT)
    HAL_TIM_ConfigClockSource                0x08002eb5   Thumb Code   272  stm32l0xx_hal_tim.o(i.HAL_TIM_ConfigClockSource)
    HAL_TIM_IC_CaptureCallback               0x08002fc5   Thumb Code    60  n720.o(i.HAL_TIM_IC_CaptureCallback)
    HAL_TIM_IC_ConfigChannel                 0x08003009   Thumb Code   226  stm32l0xx_hal_tim.o(i.HAL_TIM_IC_ConfigChannel)
    HAL_TIM_IC_Init                          0x080030eb   Thumb Code    56  stm32l0xx_hal_tim.o(i.HAL_TIM_IC_Init)
    HAL_TIM_IC_MspInit                       0x08003123   Thumb Code     2  stm32l0xx_hal_tim.o(i.HAL_TIM_IC_MspInit)
    HAL_TIM_IC_Start_IT                      0x08003125   Thumb Code   122  stm32l0xx_hal_tim.o(i.HAL_TIM_IC_Start_IT)
    HAL_TIM_IRQHandler                       0x0800319f   Thumb Code   380  stm32l0xx_hal_tim.o(i.HAL_TIM_IRQHandler)
    HAL_TIM_OC_DelayElapsedCallback          0x0800331b   Thumb Code     2  stm32l0xx_hal_tim.o(i.HAL_TIM_OC_DelayElapsedCallback)
    HAL_TIM_PWM_PulseFinishedCallback        0x0800331d   Thumb Code     2  stm32l0xx_hal_tim.o(i.HAL_TIM_PWM_PulseFinishedCallback)
    HAL_TIM_PeriodElapsedCallback            0x08003321   Thumb Code    44  n720.o(i.HAL_TIM_PeriodElapsedCallback)
    HAL_TIM_ReadCapturedValue                0x08003375   Thumb Code    52  stm32l0xx_hal_tim.o(i.HAL_TIM_ReadCapturedValue)
    HAL_TIM_TriggerCallback                  0x080033a9   Thumb Code     2  stm32l0xx_hal_tim.o(i.HAL_TIM_TriggerCallback)
    HAL_UARTEx_WakeupCallback                0x080033ab   Thumb Code     2  stm32l0xx_hal_uart_ex.o(i.HAL_UARTEx_WakeupCallback)
    HAL_UART_AbortReceiveCpltCallback        0x080033ad   Thumb Code     2  stm32l0xx_hal_uart.o(i.HAL_UART_AbortReceiveCpltCallback)
    HAL_UART_AbortReceive_IT                 0x080033b1   Thumb Code   152  stm32l0xx_hal_uart.o(i.HAL_UART_AbortReceive_IT)
    HAL_UART_ErrorCallback                   0x0800344d   Thumb Code     2  stm32l0xx_hal_uart.o(i.HAL_UART_ErrorCallback)
    HAL_UART_IRQHandler                      0x08003451   Thumb Code   456  stm32l0xx_hal_uart.o(i.HAL_UART_IRQHandler)
    HAL_UART_Init                            0x0800361d   Thumb Code   126  stm32l0xx_hal_uart.o(i.HAL_UART_Init)
    HAL_UART_MspInit                         0x0800369d   Thumb Code   408  stm32l0xx_hal_msp.o(i.HAL_UART_MspInit)
    HAL_UART_Receive_IT                      0x08003855   Thumb Code   266  stm32l0xx_hal_uart.o(i.HAL_UART_Receive_IT)
    HAL_UART_RxCpltCallback                  0x0800396d   Thumb Code   242  uart.o(i.HAL_UART_RxCpltCallback)
    HAL_UART_Transmit                        0x08003a81   Thumb Code   256  stm32l0xx_hal_uart.o(i.HAL_UART_Transmit)
    HAL_UART_Transmit_DMA                    0x08003b81   Thumb Code   202  stm32l0xx_hal_uart.o(i.HAL_UART_Transmit_DMA)
    HAL_UART_TxCpltCallback                  0x08003c59   Thumb Code    26  uart.o(i.HAL_UART_TxCpltCallback)
    HAL_UART_TxHalfCpltCallback              0x08003c85   Thumb Code     2  stm32l0xx_hal_uart.o(i.HAL_UART_TxHalfCpltCallback)
    HardFault_Handler                        0x08003c87   Thumb Code     4  stm32l0xx_it.o(i.HardFault_Handler)
    N720_init                                0x08004099   Thumb Code    48  n720.o(i.N720_init)
    NMI_Handler                              0x080040d5   Thumb Code     2  stm32l0xx_it.o(i.NMI_Handler)
    PendSV_Handler                           0x08004185   Thumb Code     2  stm32l0xx_it.o(i.PendSV_Handler)
    SVC_Handler                              0x080044c7   Thumb Code     2  stm32l0xx_it.o(i.SVC_Handler)
    SysTick_Handler                          0x080044c9   Thumb Code     8  stm32l0xx_it.o(i.SysTick_Handler)
    SystemClock_Config                       0x080044d1   Thumb Code   136  main.o(i.SystemClock_Config)
    SystemInit                               0x0800455d   Thumb Code    88  system_stm32l0xx.o(i.SystemInit)
    TIM2_IRQHandler                          0x080045c5   Thumb Code    10  stm32l0xx_it.o(i.TIM2_IRQHandler)
    TIM6_DAC_IRQHandler                      0x080045d5   Thumb Code    10  stm32l0xx_it.o(i.TIM6_DAC_IRQHandler)
    UART_AdvFeatureConfig                    0x0800484f   Thumb Code   240  stm32l0xx_hal_uart.o(i.UART_AdvFeatureConfig)
    UART_CheckIdleState                      0x08004941   Thumb Code   106  stm32l0xx_hal_uart.o(i.UART_CheckIdleState)
    UART_SetConfig                           0x08004bbd   Thumb Code   942  stm32l0xx_hal_uart.o(i.UART_SetConfig)
    UART_WaitOnFlagUntilTimeout              0x08004f99   Thumb Code   108  stm32l0xx_hal_uart.o(i.UART_WaitOnFlagUntilTimeout)
    USART1_IRQHandler                        0x08005005   Thumb Code    38  stm32l0xx_it.o(i.USART1_IRQHandler)
    USART2_IRQHandler                        0x08005035   Thumb Code    10  stm32l0xx_it.o(i.USART2_IRQHandler)
    __0sprintf                               0x08005045   Thumb Code    36  printfa.o(i.__0sprintf)
    __1sprintf                               0x08005045   Thumb Code     0  printfa.o(i.__0sprintf)
    __2sprintf                               0x08005045   Thumb Code     0  printfa.o(i.__0sprintf)
    __c89sprintf                             0x08005045   Thumb Code     0  printfa.o(i.__0sprintf)
    sprintf                                  0x08005045   Thumb Code     0  printfa.o(i.__0sprintf)
    __ARM_clz                                0x0800506d   Thumb Code    46  depilogue.o(i.__ARM_clz)
    __ARM_common_ll_muluu                    0x0800509b   Thumb Code    48  stm32l0xx_hal_uart.o(i.__ARM_common_ll_muluu)
    __ARM_common_switch8                     0x080050cb   Thumb Code    28  nmea_parser.o(i.__ARM_common_switch8)
    __ARM_fpclassify                         0x080050e9   Thumb Code    40  fpclassify.o(i.__ARM_fpclassify)
    __aeabi_errno_addr                       0x08005115   Thumb Code     4  errno.o(i.__aeabi_errno_addr)
    __rt_errno_addr                          0x08005115   Thumb Code     0  errno.o(i.__aeabi_errno_addr)
    __ieee754_rem_pio2                       0x0800511d   Thumb Code   838  rred.o(i.__ieee754_rem_pio2)
    __kernel_cos                             0x080054b9   Thumb Code   224  cos_i.o(i.__kernel_cos)
    __kernel_poly                            0x080055ad   Thumb Code   172  poly.o(i.__kernel_poly)
    __kernel_sin                             0x08005659   Thumb Code   222  sin_i.o(i.__kernel_sin)
    __mathlib_dbl_divzero                    0x08005745   Thumb Code    16  dunder.o(i.__mathlib_dbl_divzero)
    __mathlib_dbl_infnan                     0x08005759   Thumb Code    10  dunder.o(i.__mathlib_dbl_infnan)
    __mathlib_dbl_infnan2                    0x08005763   Thumb Code     8  dunder.o(i.__mathlib_dbl_infnan2)
    __mathlib_dbl_invalid                    0x0800576b   Thumb Code    16  dunder.o(i.__mathlib_dbl_invalid)
    __mathlib_dbl_overflow                   0x0800577d   Thumb Code    16  dunder.o(i.__mathlib_dbl_overflow)
    __mathlib_dbl_underflow                  0x08005791   Thumb Code    14  dunder.o(i.__mathlib_dbl_underflow)
    __read_errno                             0x080057a5   Thumb Code     6  errno.o(i.__read_errno)
    __scatterload_copy                       0x080057b1   Thumb Code    14  handlers.o(i.__scatterload_copy)
    __scatterload_null                       0x080057bf   Thumb Code     2  handlers.o(i.__scatterload_null)
    __scatterload_zeroinit                   0x080057c1   Thumb Code    14  handlers.o(i.__scatterload_zeroinit)
    __set_errno                              0x080057d1   Thumb Code     6  errno.o(i.__set_errno)
    _is_digit                                0x08005951   Thumb Code    14  scanf_fp.o(i._is_digit)
    at_init                                  0x080060a5   Thumb Code   106  nmea_parser.o(i.at_init)
    atan                                     0x0800613d   Thumb Code   472  atan.o(i.atan)
    atan2                                    0x08006359   Thumb Code   334  atan2.o(i.atan2)
    atof                                     0x080064d1   Thumb Code    42  atof.o(i.atof)
    checkSum                                 0x080064fd   Thumb Code   194  nmea_parser.o(i.checkSum)
    cos                                      0x08006645   Thumb Code   142  cos.o(i.cos)
    eeprom_check_crc                         0x080066dd   Thumb Code    98  eeprom.o(i.eeprom_check_crc)
    eeprom_create_checksum                   0x08006745   Thumb Code    88  eeprom.o(i.eeprom_create_checksum)
    eeprom_erase                             0x080067a1   Thumb Code    62  eeprom.o(i.eeprom_erase)
    eeprom_error_handler                     0x080067e9   Thumb Code    16  eeprom.o(i.eeprom_error_handler)
    eeprom_find_mark                         0x0800680d   Thumb Code   146  eeprom.o(i.eeprom_find_mark)
    eeprom_init                              0x080068c1   Thumb Code   144  eeprom.o(i.eeprom_init)
    eeprom_rdsr                              0x08006989   Thumb Code    86  eeprom.o(i.eeprom_rdsr)
    eeprom_read_all                          0x080069e9   Thumb Code    44  eeprom.o(i.eeprom_read_all)
    eeprom_read_block                        0x08006a25   Thumb Code   166  eeprom.o(i.eeprom_read_block)
    eeprom_read_byte                         0x08006ad9   Thumb Code   110  eeprom.o(i.eeprom_read_byte)
    eeprom_read_subtotalmil                  0x08006b51   Thumb Code    52  eeprom.o(i.eeprom_read_subtotalmil)
    eeprom_read_totalmil                     0x08006ba5   Thumb Code    52  eeprom.o(i.eeprom_read_totalmil)
    eeprom_send_block_to_uart                0x08006bf9   Thumb Code    74  eeprom.o(i.eeprom_send_block_to_uart)
    eeprom_wren                              0x08006ca9   Thumb Code    78  eeprom.o(i.eeprom_wren)
    eeprom_write_block                       0x08006d01   Thumb Code   236  eeprom.o(i.eeprom_write_block)
    eeprom_write_byte                        0x08006df9   Thumb Code   122  eeprom.o(i.eeprom_write_byte)
    eeprom_write_mileage                     0x08006e7d   Thumb Code    92  eeprom.o(i.eeprom_write_mileage)
    eeprom_write_subtotalmil                 0x08006ee5   Thumb Code    78  eeprom.o(i.eeprom_write_subtotalmil)
    eeprom_write_totalmil                    0x08006f41   Thumb Code    80  eeprom.o(i.eeprom_write_totalmil)
    get_distance                             0x08006f9d   Thumb Code   554  gps_greatcircle.o(i.get_distance)
    get_ok                                   0x080071e1   Thumb Code   130  nmea_parser.o(i.get_ok)
    get_temp_subtotal_mil                    0x08007271   Thumb Code     6  main_task.o(i.get_temp_subtotal_mil)
    get_temp_total_mil                       0x0800727d   Thumb Code     6  main_task.o(i.get_temp_total_mil)
    in_handler                               0x08007289   Thumb Code   710  indication.o(i.in_handler)
    indication_handler                       0x08007569   Thumb Code    32  indication.o(i.indication_handler)
    indication_init                          0x0800758d   Thumb Code    52  indication.o(i.indication_init)
    info_parser                              0x080075cd   Thumb Code   310  nmea_parser.o(i.info_parser)
    is_eeprom_empty                          0x08007741   Thumb Code    48  eeprom.o(i.is_eeprom_empty)
    knots_to_kmh                             0x08007771   Thumb Code    72  nmea_parser.o(i.knots_to_kmh)
    main                                     0x080077c9   Thumb Code    94  main.o(i.main)
    main_task                                0x08007831   Thumb Code   280  main_task.o(i.main_task)
    n720_ack_timeout                         0x08007981   Thumb Code    36  nmea_parser.o(i.n720_ack_timeout)
    n720_clear_rx                            0x080079a9   Thumb Code    12  uart.o(i.n720_clear_rx)
    n720_clear_tx                            0x080079b9   Thumb Code    12  uart.o(i.n720_clear_tx)
    n720_ini                                 0x080079c9   Thumb Code    62  n720.o(i.n720_ini)
    n720_ini_handler                         0x08007a5d   Thumb Code   170  n720.o(i.n720_ini_handler)
    n720_uart_rcv_package_it                 0x08007b2d   Thumb Code    48  uart.o(i.n720_uart_rcv_package_it)
    n720_uart_transmit_package_dma           0x08007b69   Thumb Code    68  uart.o(i.n720_uart_transmit_package_dma)
    n720_uart_transmit_str_dma               0x08007bb9   Thumb Code    66  uart.o(i.n720_uart_transmit_str_dma)
    pow                                      0x08007c05   Thumb Code  2548  pow.o(i.pow)
    print_run                                0x08008601   Thumb Code    16  main_task.o(i.print_run)
    rcv_error_handler                        0x08008621   Thumb Code    48  uart.o(i.rcv_error_handler)
    reboot_neoway                            0x08008681   Thumb Code     8  n720.o(i.reboot_neoway)
    reset_temp_subtotal_mil                  0x08008689   Thumb Code     8  main_task.o(i.reset_temp_subtotal_mil)
    service_clear_rx                         0x08008695   Thumb Code    12  uart.o(i.service_clear_rx)
    service_clear_tx                         0x080086a5   Thumb Code    12  uart.o(i.service_clear_tx)
    service_parser                           0x080086b5   Thumb Code  1878  uart.o(i.service_parser)
    service_print_run                        0x08008e35   Thumb Code    16  main_task.o(i.service_print_run)
    service_uart_rcv_package_it              0x08008e59   Thumb Code    32  uart.o(i.service_uart_rcv_package_it)
    service_uart_transmit_package_dma        0x08008e85   Thumb Code    68  uart.o(i.service_uart_transmit_package_dma)
    service_uart_transmit_str_dma            0x08008ed5   Thumb Code    66  uart.o(i.service_uart_transmit_str_dma)
    set_float_gprmc                          0x08008f21   Thumb Code   238  nmea_parser.o(i.set_float_gprmc)
    sin                                      0x08009015   Thumb Code   146  sin.o(i.sin)
    sqrt                                     0x080090b1   Thumb Code    66  sqrt.o(i.sqrt)
    transmit_error_handler                   0x080090f9   Thumb Code    48  uart.o(i.transmit_error_handler)
    waiting                                  0x08009159   Thumb Code    68  n720.o(i.waiting)
    zero_point_init                          0x080091ad   Thumb Code    70  gps_greatcircle.o(i.zero_point_init)
    AHBPrescTable                            0x08009200   Data          16  system_stm32l0xx.o(.constdata)
    APBPrescTable                            0x08009210   Data           8  system_stm32l0xx.o(.constdata)
    PLLMulTable                              0x08009218   Data           9  system_stm32l0xx.o(.constdata)
    __mathlib_zero                           0x08009378   Data           8  qnan.o(.constdata)
    __ctype_table                            0x08009470   Data         129  ctype_o.o(.constdata)
    Region$$Table$$Base                      0x08009780   Number         0  anon$$obj.o(Region$$Table)
    Region$$Table$$Limit                     0x080097a0   Number         0  anon$$obj.o(Region$$Table)
    gps_pos                                  0x20000000   Data           8  gps_greatcircle.o(.data)
    gps_pos_old                              0x20000008   Data           8  gps_greatcircle.o(.data)
    service_mode                             0x20000010   Data           1  main_task.o(.data)
    fix_type                                 0x2000001c   Data           1  nmea_parser.o(.data)
    sim_error                                0x2000001d   Data           1  nmea_parser.o(.data)
    n720_rxBuff_counter                      0x2000001e   Data           2  uart.o(.data)
    n720_rcv_package_status                  0x20000020   Data           1  uart.o(.data)
    n720_transmit_package_status             0x20000021   Data           1  uart.o(.data)
    service_rxBuff_counter                   0x20000022   Data           2  uart.o(.data)
    service_rcv_package_status               0x20000024   Data           1  uart.o(.data)
    service_transmit_package_status          0x20000025   Data           1  uart.o(.data)
    ate                                      0x20000026   Data           1  uart.o(.data)
    n720_on                                  0x20000028   Data           1  n720.o(.data)
    p_block1                                 0x20000030   Data           4  eeprom.o(.data)
    eeprom_error_flag                        0x20000034   Data           1  eeprom.o(.data)
    indication_err                           0x20000038   Data           4  indication.o(.data)
    device_type                              0x20000044   Data           1  indication.o(.data)
    uwTick                                   0x20000048   Data           4  stm32l0xx_hal.o(.data)
    SystemCoreClock                          0x2000004c   Data           4  system_stm32l0xx.o(.data)
    gpgga_struct                             0x20000054   Data          41  nmea_parser.o(.bss)
    gprmc_struct                             0x2000007d   Data          65  nmea_parser.o(.bss)
    gps_struct                               0x200000be   Data          83  nmea_parser.o(.bss)
    n720_rxBuff                              0x20000111   Data         128  uart.o(.bss)
    n720_txBuff                              0x20000191   Data         128  uart.o(.bss)
    service_rxBuff                           0x20000211   Data         128  uart.o(.bss)
    service_txBuff                           0x20000291   Data         128  uart.o(.bss)
    block1                                   0x20000312   Data          64  eeprom.o(.bss)
    hi2c1                                    0x20000354   Data          76  main.o(.bss)
    hi2c2                                    0x200003a0   Data          76  main.o(.bss)
    hspi1                                    0x200003ec   Data          88  main.o(.bss)
    hdma_spi1_rx                             0x20000444   Data          72  main.o(.bss)
    hdma_spi1_tx                             0x2000048c   Data          72  main.o(.bss)
    htim2                                    0x200004d4   Data          60  main.o(.bss)
    htim6                                    0x20000510   Data          60  main.o(.bss)
    huart1                                   0x2000054c   Data         128  main.o(.bss)
    huart2                                   0x200005cc   Data         128  main.o(.bss)
    hdma_usart1_tx                           0x2000064c   Data          72  main.o(.bss)
    hdma_usart2_tx                           0x20000694   Data          72  main.o(.bss)
    hdma_usart2_rx                           0x200006dc   Data          72  main.o(.bss)
    __initial_sp                             0x20000b28   Data           0  startup_stm32l053xx.o(STACK)



==============================================================================

Memory Map of the image

  Image Entry point : 0x080000c1

  Load Region LR_IROM1 (Base: 0x08000000, Size: 0x000097f4, Max: 0x00010000, ABSOLUTE)

    Execution Region ER_IROM1 (Exec base: 0x08000000, Load base: 0x08000000, Size: 0x000097a0, Max: 0x00010000, ABSOLUTE)

    Exec Addr    Load Addr    Size         Type   Attr      Idx    E Section Name        Object

    0x08000000   0x08000000   0x000000c0   Data   RO            3    RESET               startup_stm32l053xx.o
    0x080000c0   0x080000c0   0x00000000   Code   RO         4219  * .ARM.Collect$$$$00000000  mc_p.l(entry.o)
    0x080000c0   0x080000c0   0x00000004   Code   RO         4574    .ARM.Collect$$$$00000001  mc_p.l(entry2.o)
    0x080000c4   0x080000c4   0x00000004   Code   RO         4577    .ARM.Collect$$$$00000004  mc_p.l(entry5.o)
    0x080000c8   0x080000c8   0x00000000   Code   RO         4579    .ARM.Collect$$$$00000008  mc_p.l(entry7b.o)
    0x080000c8   0x080000c8   0x00000000   Code   RO         4581    .ARM.Collect$$$$0000000A  mc_p.l(entry8b.o)
    0x080000c8   0x080000c8   0x00000008   Code   RO         4582    .ARM.Collect$$$$0000000B  mc_p.l(entry9a.o)
    0x080000d0   0x080000d0   0x00000000   Code   RO         4584    .ARM.Collect$$$$0000000D  mc_p.l(entry10a.o)
    0x080000d0   0x080000d0   0x00000000   Code   RO         4586    .ARM.Collect$$$$0000000F  mc_p.l(entry11a.o)
    0x080000d0   0x080000d0   0x00000004   Code   RO         4575    .ARM.Collect$$$$00002712  mc_p.l(entry2.o)
    0x080000d4   0x080000d4   0x0000001c   Code   RO            4    .text               startup_stm32l053xx.o
    0x080000f0   0x080000f0   0x0000002c   Code   RO         4222    .text               mc_p.l(uidiv.o)
    0x0800011c   0x0800011c   0x00000028   Code   RO         4224    .text               mc_p.l(idiv.o)
    0x08000144   0x08000144   0x00000060   Code   RO         4226    .text               mc_p.l(uldiv.o)
    0x080001a4   0x080001a4   0x00000024   Code   RO         4238    .text               mc_p.l(memcpya.o)
    0x080001c8   0x080001c8   0x00000024   Code   RO         4240    .text               mc_p.l(memseta.o)
    0x080001ec   0x080001ec   0x0000000e   Code   RO         4242    .text               mc_p.l(strlen.o)
    0x080001fa   0x080001fa   0x0000001a   Code   RO         4509    .text               mc_p.l(atoi.o)
    0x08000214   0x08000214   0x000000b2   Code   RO         4511    .text               mf_p.l(fadd.o)
    0x080002c6   0x080002c6   0x0000007a   Code   RO         4513    .text               mf_p.l(fmul.o)
    0x08000340   0x08000340   0x00000164   Code   RO         4515    .text               mf_p.l(dadd.o)
    0x080004a4   0x080004a4   0x000000d0   Code   RO         4517    .text               mf_p.l(dmul.o)
    0x08000574   0x08000574   0x000000f0   Code   RO         4519    .text               mf_p.l(ddiv.o)
    0x08000664   0x08000664   0x00000028   Code   RO         4521    .text               mf_p.l(ffixui.o)
    0x0800068c   0x0800068c   0x00000028   Code   RO         4523    .text               mf_p.l(f2d.o)
    0x080006b4   0x080006b4   0x00000028   Code   RO         4525    .text               mf_p.l(cdcmple.o)
    0x080006dc   0x080006dc   0x00000038   Code   RO         4527    .text               mf_p.l(d2f.o)
    0x08000714   0x08000714   0x00000014   Code   RO         4529    .text               mf_p.l(cfcmple.o)
    0x08000728   0x08000728   0x00000020   Code   RO         4591    .text               mc_p.l(llshl.o)
    0x08000748   0x08000748   0x00000022   Code   RO         4593    .text               mc_p.l(llushr.o)
    0x0800076a   0x0800076a   0x00000026   Code   RO         4595    .text               mc_p.l(llsshr.o)
    0x08000790   0x08000790   0x000000a4   Code   RO         4604    .text               mc_p.l(strtod.o)
    0x08000834   0x08000834   0x00000070   Code   RO         4606    .text               mc_p.l(strtol.o)
    0x080008a4   0x080008a4   0x00000000   Code   RO         4608    .text               mc_p.l(iusefp.o)
    0x080008a4   0x080008a4   0x00000082   Code   RO         4609    .text               mf_p.l(fepilogue.o)
    0x08000926   0x08000926   0x000000be   Code   RO         4611    .text               mf_p.l(depilogue.o)
    0x080009e4   0x080009e4   0x0000002c   Code   RO         4615    .text               mf_p.l(dscalb.o)
    0x08000a10   0x08000a10   0x000000a2   Code   RO         4617    .text               mf_p.l(dsqrt.o)
    0x08000ab2   0x08000ab2   0x00000002   PAD
    0x08000ab4   0x08000ab4   0x00000028   Code   RO         4619    .text               mf_p.l(dflti.o)
    0x08000adc   0x08000adc   0x00000040   Code   RO         4621    .text               mf_p.l(dfixul.o)
    0x08000b1c   0x08000b1c   0x00000028   Code   RO         4623    .text               mf_p.l(cdrcmple.o)
    0x08000b44   0x08000b44   0x00000024   Code   RO         4625    .text               mc_p.l(init.o)
    0x08000b68   0x08000b68   0x00000008   Code   RO         4630    .text               mc_p.l(ctype_o.o)
    0x08000b70   0x08000b70   0x00000012   Code   RO         4652    .text               mc_p.l(isspace_o.o)
    0x08000b82   0x08000b82   0x00000002   PAD
    0x08000b84   0x08000b84   0x00000374   Code   RO         4658    .text               mc_p.l(scanf_fp.o)
    0x08000ef8   0x08000ef8   0x00000044   Code   RO         4662    .text               mc_p.l(_sgetc.o)
    0x08000f3c   0x08000f3c   0x000000a6   Code   RO         4664    .text               mc_p.l(_strtoul.o)
    0x08000fe2   0x08000fe2   0x00000002   PAD
    0x08000fe4   0x08000fe4   0x0000001c   Code   RO         4667    .text               mf_p.l(dfltui.o)
    0x08001000   0x08001000   0x00000048   Code   RO         4669    .text               mf_p.l(dfixi.o)
    0x08001048   0x08001048   0x0000007a   Code   RO         4671    .text               mc_p.l(llmul.o)
    0x080010c2   0x080010c2   0x0000001e   Code   RO         4676    .text               mc_p.l(_chval.o)
    0x080010e0   0x080010e0   0x0000001c   Code   RO         4678    .text               mf_p.l(dfltul.o)
    0x080010fc   0x080010fc   0x00000018   Code   RO          885    i.DMA1_Channel2_3_IRQHandler  stm32l0xx_it.o
    0x08001114   0x08001114   0x00000024   Code   RO          886    i.DMA1_Channel4_5_6_7_IRQHandler  stm32l0xx_it.o
    0x08001138   0x08001138   0x0000002e   Code   RO         2318    i.DMA_SetConfig     stm32l0xx_hal_dma.o
    0x08001166   0x08001166   0x00000014   Code   RO          887    i.EXTI4_15_IRQHandler  stm32l0xx_it.o
    0x0800117a   0x0800117a   0x00000002   Code   RO          804    i.Error_Handler     main.o
    0x0800117c   0x0800117c   0x00000260   Code   RO          262    i.GPRMC_parser      nmea_parser.o
    0x080013dc   0x080013dc   0x0000005c   Code   RO         2320    i.HAL_DMA_Abort_IT  stm32l0xx_hal_dma.o
    0x08001438   0x08001438   0x00000108   Code   RO         2324    i.HAL_DMA_IRQHandler  stm32l0xx_hal_dma.o
    0x08001540   0x08001540   0x000000a8   Code   RO         2325    i.HAL_DMA_Init      stm32l0xx_hal_dma.o
    0x080015e8   0x080015e8   0x0000009a   Code   RO         2329    i.HAL_DMA_Start_IT  stm32l0xx_hal_dma.o
    0x08001682   0x08001682   0x00000022   Code   RO         1556    i.HAL_Delay         stm32l0xx_hal.o
    0x080016a4   0x080016a4   0x00000002   Code   RO         2257    i.HAL_GPIO_EXTI_Callback  stm32l0xx_hal_gpio.o
    0x080016a6   0x080016a6   0x00000002   PAD
    0x080016a8   0x080016a8   0x00000020   Code   RO         2258    i.HAL_GPIO_EXTI_IRQHandler  stm32l0xx_hal_gpio.o
    0x080016c8   0x080016c8   0x000001ec   Code   RO         2259    i.HAL_GPIO_Init     stm32l0xx_hal_gpio.o
    0x080018b4   0x080018b4   0x00000012   Code   RO         2261    i.HAL_GPIO_ReadPin  stm32l0xx_hal_gpio.o
    0x080018c6   0x080018c6   0x00000008   Code   RO         2262    i.HAL_GPIO_TogglePin  stm32l0xx_hal_gpio.o
    0x080018ce   0x080018ce   0x0000000c   Code   RO         2263    i.HAL_GPIO_WritePin  stm32l0xx_hal_gpio.o
    0x080018da   0x080018da   0x00000002   PAD
    0x080018dc   0x080018dc   0x0000000c   Code   RO         1560    i.HAL_GetTick       stm32l0xx_hal.o
    0x080018e8   0x080018e8   0x0000006e   Code   RO         1497    i.HAL_I2CEx_ConfigAnalogFilter  stm32l0xx_hal_i2c_ex.o
    0x08001956   0x08001956   0x00000070   Code   RO         1498    i.HAL_I2CEx_ConfigDigitalFilter  stm32l0xx_hal_i2c_ex.o
    0x080019c6   0x080019c6   0x00000002   PAD
    0x080019c8   0x080019c8   0x000000d4   Code   RO         1055    i.HAL_I2C_Init      stm32l0xx_hal_i2c.o
    0x08001a9c   0x08001a9c   0x000000d4   Code   RO          976    i.HAL_I2C_MspInit   stm32l0xx_hal_msp.o
    0x08001b70   0x08001b70   0x00000010   Code   RO         1564    i.HAL_IncTick       stm32l0xx_hal.o
    0x08001b80   0x08001b80   0x0000002c   Code   RO         1565    i.HAL_Init          stm32l0xx_hal.o
    0x08001bac   0x08001bac   0x00000034   Code   RO         1566    i.HAL_InitTick      stm32l0xx_hal.o
    0x08001be0   0x08001be0   0x00000020   Code   RO          977    i.HAL_MspInit       stm32l0xx_hal_msp.o
    0x08001c00   0x08001c00   0x00000018   Code   RO         2586    i.HAL_NVIC_EnableIRQ  stm32l0xx_hal_cortex.o
    0x08001c18   0x08001c18   0x00000012   Code   RO         2590    i.HAL_NVIC_SetPriority  stm32l0xx_hal_cortex.o
    0x08001c2a   0x08001c2a   0x00000002   PAD
    0x08001c2c   0x08001c2c   0x00000038   Code   RO         2591    i.HAL_NVIC_SystemReset  stm32l0xx_hal_cortex.o
    0x08001c64   0x08001c64   0x00000288   Code   RO         1845    i.HAL_RCCEx_PeriphCLKConfig  stm32l0xx_hal_rcc_ex.o
    0x08001eec   0x08001eec   0x00000208   Code   RO         1736    i.HAL_RCC_ClockConfig  stm32l0xx_hal_rcc.o
    0x080020f4   0x080020f4   0x0000000c   Code   RO         1740    i.HAL_RCC_GetHCLKFreq  stm32l0xx_hal_rcc.o
    0x08002100   0x08002100   0x00000024   Code   RO         1742    i.HAL_RCC_GetPCLK1Freq  stm32l0xx_hal_rcc.o
    0x08002124   0x08002124   0x00000024   Code   RO         1743    i.HAL_RCC_GetPCLK2Freq  stm32l0xx_hal_rcc.o
    0x08002148   0x08002148   0x000000d0   Code   RO         1744    i.HAL_RCC_GetSysClockFreq  stm32l0xx_hal_rcc.o
    0x08002218   0x08002218   0x000006d8   Code   RO         1747    i.HAL_RCC_OscConfig  stm32l0xx_hal_rcc.o
    0x080028f0   0x080028f0   0x00000002   Code   RO         2700    i.HAL_SPI_ErrorCallback  stm32l0xx_hal_spi.o
    0x080028f2   0x080028f2   0x00000092   Code   RO         2704    i.HAL_SPI_Init      stm32l0xx_hal_spi.o
    0x08002984   0x08002984   0x000000e4   Code   RO          979    i.HAL_SPI_MspInit   stm32l0xx_hal_msp.o
    0x08002a68   0x08002a68   0x00000002   Code   RO         2710    i.HAL_SPI_RxCpltCallback  stm32l0xx_hal_spi.o
    0x08002a6a   0x08002a6a   0x00000002   Code   RO         2711    i.HAL_SPI_RxHalfCpltCallback  stm32l0xx_hal_spi.o
    0x08002a6c   0x08002a6c   0x0000017c   Code   RO         2714    i.HAL_SPI_TransmitReceive_DMA  stm32l0xx_hal_spi.o
    0x08002be8   0x08002be8   0x000000f8   Code   RO         2716    i.HAL_SPI_Transmit_DMA  stm32l0xx_hal_spi.o
    0x08002ce0   0x08002ce0   0x00000002   Code   RO         2718    i.HAL_SPI_TxCpltCallback  stm32l0xx_hal_spi.o
    0x08002ce2   0x08002ce2   0x00000002   Code   RO         2719    i.HAL_SPI_TxHalfCpltCallback  stm32l0xx_hal_spi.o
    0x08002ce4   0x08002ce4   0x00000002   Code   RO         2720    i.HAL_SPI_TxRxCpltCallback  stm32l0xx_hal_spi.o
    0x08002ce6   0x08002ce6   0x00000002   Code   RO         2721    i.HAL_SPI_TxRxHalfCpltCallback  stm32l0xx_hal_spi.o
    0x08002ce8   0x08002ce8   0x00000038   Code   RO         2594    i.HAL_SYSTICK_Config  stm32l0xx_hal_cortex.o
    0x08002d20   0x08002d20   0x0000005c   Code   RO         3690    i.HAL_TIMEx_MasterConfigSynchronization  stm32l0xx_hal_tim_ex.o
    0x08002d7c   0x08002d7c   0x00000038   Code   RO         3013    i.HAL_TIM_Base_Init  stm32l0xx_hal_tim.o
    0x08002db4   0x08002db4   0x000000a0   Code   RO          981    i.HAL_TIM_Base_MspInit  stm32l0xx_hal_msp.o
    0x08002e54   0x08002e54   0x0000002a   Code   RO         3018    i.HAL_TIM_Base_Start_IT  stm32l0xx_hal_tim.o
    0x08002e7e   0x08002e7e   0x00000002   PAD
    0x08002e80   0x08002e80   0x00000034   Code   RO         3021    i.HAL_TIM_Base_Stop_IT  stm32l0xx_hal_tim.o
    0x08002eb4   0x08002eb4   0x00000110   Code   RO         3022    i.HAL_TIM_ConfigClockSource  stm32l0xx_hal_tim.o
    0x08002fc4   0x08002fc4   0x00000044   Code   RO          504    i.HAL_TIM_IC_CaptureCallback  n720.o
    0x08003008   0x08003008   0x000000e2   Code   RO         3044    i.HAL_TIM_IC_ConfigChannel  stm32l0xx_hal_tim.o
    0x080030ea   0x080030ea   0x00000038   Code   RO         3047    i.HAL_TIM_IC_Init   stm32l0xx_hal_tim.o
    0x08003122   0x08003122   0x00000002   Code   RO         3049    i.HAL_TIM_IC_MspInit  stm32l0xx_hal_tim.o
    0x08003124   0x08003124   0x0000007a   Code   RO         3052    i.HAL_TIM_IC_Start_IT  stm32l0xx_hal_tim.o
    0x0800319e   0x0800319e   0x0000017c   Code   RO         3056    i.HAL_TIM_IRQHandler  stm32l0xx_hal_tim.o
    0x0800331a   0x0800331a   0x00000002   Code   RO         3059    i.HAL_TIM_OC_DelayElapsedCallback  stm32l0xx_hal_tim.o
    0x0800331c   0x0800331c   0x00000002   Code   RO         3086    i.HAL_TIM_PWM_PulseFinishedCallback  stm32l0xx_hal_tim.o
    0x0800331e   0x0800331e   0x00000002   PAD
    0x08003320   0x08003320   0x00000054   Code   RO          505    i.HAL_TIM_PeriodElapsedCallback  n720.o
    0x08003374   0x08003374   0x00000034   Code   RO         3096    i.HAL_TIM_ReadCapturedValue  stm32l0xx_hal_tim.o
    0x080033a8   0x080033a8   0x00000002   Code   RO         3099    i.HAL_TIM_TriggerCallback  stm32l0xx_hal_tim.o
    0x080033aa   0x080033aa   0x00000002   Code   RO         4082    i.HAL_UARTEx_WakeupCallback  stm32l0xx_hal_uart_ex.o
    0x080033ac   0x080033ac   0x00000002   Code   RO         3728    i.HAL_UART_AbortReceiveCpltCallback  stm32l0xx_hal_uart.o
    0x080033ae   0x080033ae   0x00000002   PAD
    0x080033b0   0x080033b0   0x0000009c   Code   RO         3729    i.HAL_UART_AbortReceive_IT  stm32l0xx_hal_uart.o
    0x0800344c   0x0800344c   0x00000002   Code   RO         3738    i.HAL_UART_ErrorCallback  stm32l0xx_hal_uart.o
    0x0800344e   0x0800344e   0x00000002   PAD
    0x08003450   0x08003450   0x000001cc   Code   RO         3741    i.HAL_UART_IRQHandler  stm32l0xx_hal_uart.o
    0x0800361c   0x0800361c   0x0000007e   Code   RO         3742    i.HAL_UART_Init     stm32l0xx_hal_uart.o
    0x0800369a   0x0800369a   0x00000002   PAD
    0x0800369c   0x0800369c   0x000001b8   Code   RO          983    i.HAL_UART_MspInit  stm32l0xx_hal_msp.o
    0x08003854   0x08003854   0x00000118   Code   RO         3747    i.HAL_UART_Receive_IT  stm32l0xx_hal_uart.o
    0x0800396c   0x0800396c   0x00000114   Code   RO          362    i.HAL_UART_RxCpltCallback  uart.o
    0x08003a80   0x08003a80   0x00000100   Code   RO         3750    i.HAL_UART_Transmit  stm32l0xx_hal_uart.o
    0x08003b80   0x08003b80   0x000000d8   Code   RO         3751    i.HAL_UART_Transmit_DMA  stm32l0xx_hal_uart.o
    0x08003c58   0x08003c58   0x0000002c   Code   RO          363    i.HAL_UART_TxCpltCallback  uart.o
    0x08003c84   0x08003c84   0x00000002   Code   RO         3754    i.HAL_UART_TxHalfCpltCallback  stm32l0xx_hal_uart.o
    0x08003c86   0x08003c86   0x00000004   Code   RO          888    i.HardFault_Handler  stm32l0xx_it.o
    0x08003c8a   0x08003c8a   0x00000002   PAD
    0x08003c8c   0x08003c8c   0x00000044   Code   RO          805    i.MX_DMA_Init       main.o
    0x08003cd0   0x08003cd0   0x00000140   Code   RO          806    i.MX_GPIO_Init      main.o
    0x08003e10   0x08003e10   0x0000005c   Code   RO          807    i.MX_I2C1_Init      main.o
    0x08003e6c   0x08003e6c   0x0000005c   Code   RO          808    i.MX_I2C2_Init      main.o
    0x08003ec8   0x08003ec8   0x00000048   Code   RO          809    i.MX_SPI1_Init      main.o
    0x08003f10   0x08003f10   0x000000ac   Code   RO          810    i.MX_TIM2_Init      main.o
    0x08003fbc   0x08003fbc   0x00000054   Code   RO          811    i.MX_TIM6_Init      main.o
    0x08004010   0x08004010   0x00000044   Code   RO          812    i.MX_USART1_UART_Init  main.o
    0x08004054   0x08004054   0x00000044   Code   RO          813    i.MX_USART2_UART_Init  main.o
    0x08004098   0x08004098   0x0000003c   Code   RO          506    i.N720_init         n720.o
    0x080040d4   0x080040d4   0x00000002   Code   RO          889    i.NMI_Handler       stm32l0xx_it.o
    0x080040d6   0x080040d6   0x00000002   PAD
    0x080040d8   0x080040d8   0x00000078   Code   RO         2596    i.NVIC_SetPriority  stm32l0xx_hal_cortex.o
    0x08004150   0x08004150   0x00000034   Code   RO          364    i.NVIC_SystemReset  uart.o
    0x08004184   0x08004184   0x00000002   Code   RO          890    i.PendSV_Handler    stm32l0xx_it.o
    0x08004186   0x08004186   0x00000028   Code   RO         2732    i.SPI_DMAError      stm32l0xx_hal_spi.o
    0x080041ae   0x080041ae   0x0000000e   Code   RO         2733    i.SPI_DMAHalfReceiveCplt  stm32l0xx_hal_spi.o
    0x080041bc   0x080041bc   0x0000000e   Code   RO         2734    i.SPI_DMAHalfTransmitCplt  stm32l0xx_hal_spi.o
    0x080041ca   0x080041ca   0x0000000e   Code   RO         2735    i.SPI_DMAHalfTransmitReceiveCplt  stm32l0xx_hal_spi.o
    0x080041d8   0x080041d8   0x00000062   Code   RO         2736    i.SPI_DMAReceiveCplt  stm32l0xx_hal_spi.o
    0x0800423a   0x0800423a   0x00000080   Code   RO         2738    i.SPI_DMATransmitCplt  stm32l0xx_hal_spi.o
    0x080042ba   0x080042ba   0x00000068   Code   RO         2739    i.SPI_DMATransmitReceiveCplt  stm32l0xx_hal_spi.o
    0x08004322   0x08004322   0x000000a2   Code   RO         2741    i.SPI_EndRxTransaction  stm32l0xx_hal_spi.o
    0x080043c4   0x080043c4   0x0000005a   Code   RO         2742    i.SPI_EndRxTxTransaction  stm32l0xx_hal_spi.o
    0x0800441e   0x0800441e   0x000000a8   Code   RO         2747    i.SPI_WaitFlagStateUntilTimeout  stm32l0xx_hal_spi.o
    0x080044c6   0x080044c6   0x00000002   Code   RO          891    i.SVC_Handler       stm32l0xx_it.o
    0x080044c8   0x080044c8   0x00000008   Code   RO          892    i.SysTick_Handler   stm32l0xx_it.o
    0x080044d0   0x080044d0   0x0000008c   Code   RO          814    i.SystemClock_Config  main.o
    0x0800455c   0x0800455c   0x00000068   Code   RO         4143    i.SystemInit        system_stm32l0xx.o
    0x080045c4   0x080045c4   0x00000010   Code   RO          893    i.TIM2_IRQHandler   stm32l0xx_it.o
    0x080045d4   0x080045d4   0x00000010   Code   RO          894    i.TIM6_DAC_IRQHandler  stm32l0xx_it.o
    0x080045e4   0x080045e4   0x0000006c   Code   RO         3101    i.TIM_Base_SetConfig  stm32l0xx_hal_tim.o
    0x08004650   0x08004650   0x00000022   Code   RO         3102    i.TIM_CCxChannelCmd  stm32l0xx_hal_tim.o
    0x08004672   0x08004672   0x0000001c   Code   RO         3112    i.TIM_ETR_SetConfig  stm32l0xx_hal_tim.o
    0x0800468e   0x0800468e   0x00000018   Code   RO         3113    i.TIM_ITRx_SetConfig  stm32l0xx_hal_tim.o
    0x080046a6   0x080046a6   0x00000032   Code   RO         3119    i.TIM_TI1_ConfigInputStage  stm32l0xx_hal_tim.o
    0x080046d8   0x080046d8   0x00000068   Code   RO         3120    i.TIM_TI1_SetConfig  stm32l0xx_hal_tim.o
    0x08004740   0x08004740   0x00000032   Code   RO         3121    i.TIM_TI2_ConfigInputStage  stm32l0xx_hal_tim.o
    0x08004772   0x08004772   0x00000048   Code   RO         3122    i.TIM_TI2_SetConfig  stm32l0xx_hal_tim.o
    0x080047ba   0x080047ba   0x00000046   Code   RO         3123    i.TIM_TI3_SetConfig  stm32l0xx_hal_tim.o
    0x08004800   0x08004800   0x0000004e   Code   RO         3124    i.TIM_TI4_SetConfig  stm32l0xx_hal_tim.o
    0x0800484e   0x0800484e   0x000000f0   Code   RO         3755    i.UART_AdvFeatureConfig  stm32l0xx_hal_uart.o
    0x0800493e   0x0800493e   0x00000002   PAD
    0x08004940   0x08004940   0x00000070   Code   RO         3756    i.UART_CheckIdleState  stm32l0xx_hal_uart.o
    0x080049b0   0x080049b0   0x00000018   Code   RO         3757    i.UART_DMAAbortOnError  stm32l0xx_hal_uart.o
    0x080049c8   0x080049c8   0x00000052   Code   RO         3758    i.UART_DMAError     stm32l0xx_hal_uart.o
    0x08004a1a   0x08004a1a   0x0000002a   Code   RO         3762    i.UART_DMARxOnlyAbortCallback  stm32l0xx_hal_uart.o
    0x08004a44   0x08004a44   0x0000003a   Code   RO         3763    i.UART_DMATransmitCplt  stm32l0xx_hal_uart.o
    0x08004a7e   0x08004a7e   0x0000000e   Code   RO         3765    i.UART_DMATxHalfCplt  stm32l0xx_hal_uart.o
    0x08004a8c   0x08004a8c   0x00000024   Code   RO         3767    i.UART_EndRxTransfer  stm32l0xx_hal_uart.o
    0x08004ab0   0x08004ab0   0x00000020   Code   RO         3768    i.UART_EndTransmit_IT  stm32l0xx_hal_uart.o
    0x08004ad0   0x08004ad0   0x00000012   Code   RO         3769    i.UART_EndTxTransfer  stm32l0xx_hal_uart.o
    0x08004ae2   0x08004ae2   0x0000006c   Code   RO         3770    i.UART_RxISR_16BIT  stm32l0xx_hal_uart.o
    0x08004b4e   0x08004b4e   0x0000006c   Code   RO         3771    i.UART_RxISR_8BIT   stm32l0xx_hal_uart.o
    0x08004bba   0x08004bba   0x00000002   PAD
    0x08004bbc   0x08004bbc   0x000003dc   Code   RO         3772    i.UART_SetConfig    stm32l0xx_hal_uart.o
    0x08004f98   0x08004f98   0x0000006c   Code   RO         3775    i.UART_WaitOnFlagUntilTimeout  stm32l0xx_hal_uart.o
    0x08005004   0x08005004   0x00000030   Code   RO          895    i.USART1_IRQHandler  stm32l0xx_it.o
    0x08005034   0x08005034   0x00000010   Code   RO          896    i.USART2_IRQHandler  stm32l0xx_it.o
    0x08005044   0x08005044   0x00000028   Code   RO         4483    i.__0sprintf        mc_p.l(printfa.o)
    0x0800506c   0x0800506c   0x0000002e   Code   RO         4613    i.__ARM_clz         mf_p.l(depilogue.o)
    0x0800509a   0x0800509a   0x00000030   Code   RO         4068    i.__ARM_common_ll_muluu  stm32l0xx_hal_uart.o
    0x080050ca   0x080050ca   0x0000001c   Code   RO          354    i.__ARM_common_switch8  nmea_parser.o
    0x080050e6   0x080050e6   0x00000002   PAD
    0x080050e8   0x080050e8   0x0000002c   Code   RO         4558    i.__ARM_fpclassify  m_ps.l(fpclassify.o)
    0x08005114   0x08005114   0x00000008   Code   RO         4597    i.__aeabi_errno_addr  mc_p.l(errno.o)
    0x0800511c   0x0800511c   0x0000039c   Code   RO         4563    i.__ieee754_rem_pio2  m_ps.l(rred.o)
    0x080054b8   0x080054b8   0x000000f4   Code   RO         4541    i.__kernel_cos      m_ps.l(cos_i.o)
    0x080055ac   0x080055ac   0x000000ac   Code   RO         4560    i.__kernel_poly     m_ps.l(poly.o)
    0x08005658   0x08005658   0x000000ec   Code   RO         4568    i.__kernel_sin      m_ps.l(sin_i.o)
    0x08005744   0x08005744   0x00000014   Code   RO         4544    i.__mathlib_dbl_divzero  m_ps.l(dunder.o)
    0x08005758   0x08005758   0x0000000a   Code   RO         4545    i.__mathlib_dbl_infnan  m_ps.l(dunder.o)
    0x08005762   0x08005762   0x00000008   Code   RO         4546    i.__mathlib_dbl_infnan2  m_ps.l(dunder.o)
    0x0800576a   0x0800576a   0x00000010   Code   RO         4547    i.__mathlib_dbl_invalid  m_ps.l(dunder.o)
    0x0800577a   0x0800577a   0x00000002   PAD
    0x0800577c   0x0800577c   0x00000014   Code   RO         4548    i.__mathlib_dbl_overflow  m_ps.l(dunder.o)
    0x08005790   0x08005790   0x00000014   Code   RO         4550    i.__mathlib_dbl_underflow  m_ps.l(dunder.o)
    0x080057a4   0x080057a4   0x0000000c   Code   RO         4598    i.__read_errno      mc_p.l(errno.o)
    0x080057b0   0x080057b0   0x0000000e   Code   RO         4682    i.__scatterload_copy  mc_p.l(handlers.o)
    0x080057be   0x080057be   0x00000002   Code   RO         4683    i.__scatterload_null  mc_p.l(handlers.o)
    0x080057c0   0x080057c0   0x0000000e   Code   RO         4684    i.__scatterload_zeroinit  mc_p.l(handlers.o)
    0x080057ce   0x080057ce   0x00000002   PAD
    0x080057d0   0x080057d0   0x0000000c   Code   RO         4599    i.__set_errno       mc_p.l(errno.o)
    0x080057dc   0x080057dc   0x00000174   Code   RO         4488    i._fp_digits        mc_p.l(printfa.o)
    0x08005950   0x08005950   0x0000000e   Code   RO         4660    i._is_digit         mc_p.l(scanf_fp.o)
    0x0800595e   0x0800595e   0x00000002   PAD
    0x08005960   0x08005960   0x000006ec   Code   RO         4489    i._printf_core      mc_p.l(printfa.o)
    0x0800604c   0x0800604c   0x00000020   Code   RO         4490    i._printf_post_padding  mc_p.l(printfa.o)
    0x0800606c   0x0800606c   0x0000002c   Code   RO         4491    i._printf_pre_padding  mc_p.l(printfa.o)
    0x08006098   0x08006098   0x0000000a   Code   RO         4493    i._sputc            mc_p.l(printfa.o)
    0x080060a2   0x080060a2   0x00000002   PAD
    0x080060a4   0x080060a4   0x00000098   Code   RO          263    i.at_init           nmea_parser.o
    0x0800613c   0x0800613c   0x0000021c   Code   RO         4532    i.atan              m_ps.l(atan.o)
    0x08006358   0x08006358   0x00000178   Code   RO         4174    i.atan2             m_ps.l(atan2.o)
    0x080064d0   0x080064d0   0x0000002a   Code   RO         4182    i.atof              m_ps.l(atof.o)
    0x080064fa   0x080064fa   0x00000002   PAD
    0x080064fc   0x080064fc   0x000000f4   Code   RO          264    i.checkSum          nmea_parser.o
    0x080065f0   0x080065f0   0x00000054   Code   RO           12    i.convert_str_to_float  gps_greatcircle.o
    0x08006644   0x08006644   0x00000098   Code   RO         4186    i.cos               m_ps.l(cos.o)
    0x080066dc   0x080066dc   0x00000068   Code   RO          616    i.eeprom_check_crc  eeprom.o
    0x08006744   0x08006744   0x0000005c   Code   RO          617    i.eeprom_create_checksum  eeprom.o
    0x080067a0   0x080067a0   0x00000048   Code   RO          618    i.eeprom_erase      eeprom.o
    0x080067e8   0x080067e8   0x00000024   Code   RO          619    i.eeprom_error_handler  eeprom.o
    0x0800680c   0x0800680c   0x000000b4   Code   RO          620    i.eeprom_find_mark  eeprom.o
    0x080068c0   0x080068c0   0x000000c8   Code   RO          621    i.eeprom_init       eeprom.o
    0x08006988   0x08006988   0x00000060   Code   RO          622    i.eeprom_rdsr       eeprom.o
    0x080069e8   0x080069e8   0x0000003c   Code   RO          623    i.eeprom_read_all   eeprom.o
    0x08006a24   0x08006a24   0x000000b4   Code   RO          624    i.eeprom_read_block  eeprom.o
    0x08006ad8   0x08006ad8   0x00000078   Code   RO          625    i.eeprom_read_byte  eeprom.o
    0x08006b50   0x08006b50   0x00000054   Code   RO          626    i.eeprom_read_subtotalmil  eeprom.o
    0x08006ba4   0x08006ba4   0x00000054   Code   RO          627    i.eeprom_read_totalmil  eeprom.o
    0x08006bf8   0x08006bf8   0x000000b0   Code   RO          628    i.eeprom_send_block_to_uart  eeprom.o
    0x08006ca8   0x08006ca8   0x00000058   Code   RO          629    i.eeprom_wren       eeprom.o
    0x08006d00   0x08006d00   0x000000f8   Code   RO          631    i.eeprom_write_block  eeprom.o
    0x08006df8   0x08006df8   0x00000084   Code   RO          632    i.eeprom_write_byte  eeprom.o
    0x08006e7c   0x08006e7c   0x00000068   Code   RO          634    i.eeprom_write_mileage  eeprom.o
    0x08006ee4   0x08006ee4   0x0000005c   Code   RO          635    i.eeprom_write_subtotalmil  eeprom.o
    0x08006f40   0x08006f40   0x0000005c   Code   RO          636    i.eeprom_write_totalmil  eeprom.o
    0x08006f9c   0x08006f9c   0x00000244   Code   RO           13    i.get_distance      gps_greatcircle.o
    0x080071e0   0x080071e0   0x00000090   Code   RO          265    i.get_ok            nmea_parser.o
    0x08007270   0x08007270   0x0000000c   Code   RO          168    i.get_temp_subtotal_mil  main_task.o
    0x0800727c   0x0800727c   0x0000000c   Code   RO          169    i.get_temp_total_mil  main_task.o
    0x08007288   0x08007288   0x000002e0   Code   RO          768    i.in_handler        indication.o
    0x08007568   0x08007568   0x00000024   Code   RO          769    i.indication_handler  indication.o
    0x0800758c   0x0800758c   0x00000040   Code   RO          770    i.indication_init   indication.o
    0x080075cc   0x080075cc   0x00000174   Code   RO          267    i.info_parser       nmea_parser.o
    0x08007740   0x08007740   0x00000030   Code   RO          637    i.is_eeprom_empty   eeprom.o
    0x08007770   0x08007770   0x00000058   Code   RO          268    i.knots_to_kmh      nmea_parser.o
    0x080077c8   0x080077c8   0x00000068   Code   RO          815    i.main              main.o
    0x08007830   0x08007830   0x00000150   Code   RO          170    i.main_task         main_task.o
    0x08007980   0x08007980   0x00000028   Code   RO          269    i.n720_ack_timeout  nmea_parser.o
    0x080079a8   0x080079a8   0x00000010   Code   RO          368    i.n720_clear_rx     uart.o
    0x080079b8   0x080079b8   0x00000010   Code   RO          369    i.n720_clear_tx     uart.o
    0x080079c8   0x080079c8   0x00000094   Code   RO          508    i.n720_ini          n720.o
    0x08007a5c   0x08007a5c   0x000000d0   Code   RO          509    i.n720_ini_handler  n720.o
    0x08007b2c   0x08007b2c   0x0000003c   Code   RO          370    i.n720_uart_rcv_package_it  uart.o
    0x08007b68   0x08007b68   0x00000050   Code   RO          371    i.n720_uart_transmit_package_dma  uart.o
    0x08007bb8   0x08007bb8   0x0000004c   Code   RO          372    i.n720_uart_transmit_str_dma  uart.o
    0x08007c04   0x08007c04   0x000009fc   Code   RO         4194    i.pow               m_ps.l(pow.o)
    0x08008600   0x08008600   0x00000020   Code   RO          171    i.print_run         main_task.o
    0x08008620   0x08008620   0x00000060   Code   RO          373    i.rcv_error_handler  uart.o
    0x08008680   0x08008680   0x00000008   Code   RO          510    i.reboot_neoway     n720.o
    0x08008688   0x08008688   0x0000000c   Code   RO          172    i.reset_temp_subtotal_mil  main_task.o
    0x08008694   0x08008694   0x00000010   Code   RO          374    i.service_clear_rx  uart.o
    0x080086a4   0x080086a4   0x00000010   Code   RO          375    i.service_clear_tx  uart.o
    0x080086b4   0x080086b4   0x00000780   Code   RO          376    i.service_parser    uart.o
    0x08008e34   0x08008e34   0x00000024   Code   RO          173    i.service_print_run  main_task.o
    0x08008e58   0x08008e58   0x0000002c   Code   RO          377    i.service_uart_rcv_package_it  uart.o
    0x08008e84   0x08008e84   0x00000050   Code   RO          379    i.service_uart_transmit_package_dma  uart.o
    0x08008ed4   0x08008ed4   0x0000004c   Code   RO          380    i.service_uart_transmit_str_dma  uart.o
    0x08008f20   0x08008f20   0x000000f4   Code   RO          274    i.set_float_gprmc   nmea_parser.o
    0x08009014   0x08009014   0x0000009c   Code   RO         4204    i.sin               m_ps.l(sin.o)
    0x080090b0   0x080090b0   0x00000048   Code   RO         4212    i.sqrt              m_ps.l(sqrt.o)
    0x080090f8   0x080090f8   0x00000060   Code   RO          381    i.transmit_error_handler  uart.o
    0x08009158   0x08009158   0x00000054   Code   RO          513    i.waiting           n720.o
    0x080091ac   0x080091ac   0x00000054   Code   RO           14    i.zero_point_init   gps_greatcircle.o
    0x08009200   0x08009200   0x00000021   Data   RO         4144    .constdata          system_stm32l0xx.o
    0x08009221   0x08009221   0x00000007   PAD
    0x08009228   0x08009228   0x00000088   Data   RO         4195    .constdata          m_ps.l(pow.o)
    0x080092b0   0x080092b0   0x00000098   Data   RO         4533    .constdata          m_ps.l(atan.o)
    0x08009348   0x08009348   0x00000030   Data   RO         4542    .constdata          m_ps.l(cos_i.o)
    0x08009378   0x08009378   0x00000008   Data   RO         4562    .constdata          m_ps.l(qnan.o)
    0x08009380   0x08009380   0x000000c8   Data   RO         4565    .constdata          m_ps.l(rred.o)
    0x08009448   0x08009448   0x00000028   Data   RO         4569    .constdata          m_ps.l(sin_i.o)
    0x08009470   0x08009470   0x00000081   Data   RO         4631    .constdata          mc_p.l(ctype_o.o)
    0x080094f1   0x080094f1   0x00000003   PAD
    0x080094f4   0x080094f4   0x00000004   Data   RO         4632    .constdata          mc_p.l(ctype_o.o)
    0x080094f8   0x080094f8   0x0000004c   Data   RO          276    .conststring        nmea_parser.o
    0x08009544   0x08009544   0x000001f1   Data   RO          383    .conststring        uart.o
    0x08009735   0x08009735   0x00000003   PAD
    0x08009738   0x08009738   0x00000047   Data   RO          514    .conststring        n720.o
    0x0800977f   0x0800977f   0x00000001   PAD
    0x08009780   0x08009780   0x00000020   Data   RO         4680    Region$$Table       anon$$obj.o


    Execution Region RW_IRAM1 (Exec base: 0x20000000, Load base: 0x080097a0, Size: 0x00000b28, Max: 0x00002000, ABSOLUTE)

    Exec Addr    Load Addr    Size         Type   Attr      Idx    E Section Name        Object

    0x20000000   0x080097a0   0x00000010   Data   RW           15    .data               gps_greatcircle.o
    0x20000010   0x080097b0   0x0000000c   Data   RW          175    .data               main_task.o
    0x2000001c   0x080097bc   0x00000002   Data   RW          277    .data               nmea_parser.o
    0x2000001e   0x080097be   0x00000009   Data   RW          384    .data               uart.o
    0x20000027   0x080097c7   0x00000001   PAD
    0x20000028   0x080097c8   0x00000008   Data   RW          515    .data               n720.o
    0x20000030   0x080097d0   0x00000005   Data   RW          640    .data               eeprom.o
    0x20000035   0x080097d5   0x00000003   PAD
    0x20000038   0x080097d8   0x0000000d   Data   RW          771    .data               indication.o
    0x20000045   0x080097e5   0x00000003   PAD
    0x20000048   0x080097e8   0x00000004   Data   RW         1575    .data               stm32l0xx_hal.o
    0x2000004c   0x080097ec   0x00000004   Data   RW         4145    .data               system_stm32l0xx.o
    0x20000050   0x080097f0   0x00000004   Data   RW         4600    .data               mc_p.l(errno.o)
    0x20000054        -       0x000000bd   Zero   RW          275    .bss                nmea_parser.o
    0x20000111        -       0x00000200   Zero   RW          382    .bss                uart.o
    0x20000311   0x080097f4   0x00000001   PAD
    0x20000312        -       0x00000040   Zero   RW          638    .bss                eeprom.o
    0x20000352   0x080097f4   0x00000002   PAD
    0x20000354        -       0x000003d0   Zero   RW          816    .bss                main.o
    0x20000724   0x080097f4   0x00000004   PAD
    0x20000728        -       0x00000400   Zero   RW            1    STACK               startup_stm32l053xx.o


==============================================================================

Image component sizes


      Code (inc. data)   RO Data    RW Data    ZI Data      Debug   Object Name

      2288        416          0          5         64      13569   eeprom.o
       748         48          0         16          0     380537   gps_greatcircle.o
       836         42          0         13          0       2685   indication.o
      1282        118          0          0        976       7193   main.o
       440        108          0         12          0       5492   main_task.o
       660        200         71          8          0       4246   n720.o
      1920        262         76          2        189       6077   nmea_parser.o
        28          8        192          0       1024        620   startup_stm32l053xx.o
       158         22          0          4          0       3659   stm32l0xx_hal.o
       274         34          0          0          0      11240   stm32l0xx_hal_cortex.o
       724         10          0          0          0       4006   stm32l0xx_hal_dma.o
       564         36          0          0          0       4528   stm32l0xx_hal_gpio.o
       212          4          0          0          0       2603   stm32l0xx_hal_i2c.o
       222          0          0          0          0       1859   stm32l0xx_hal_i2c_ex.o
      1072         86          0          0          0       3901   stm32l0xx_hal_msp.o
      2564        104          0          0          0       6040   stm32l0xx_hal_rcc.o
       648         14          0          0          0       1484   stm32l0xx_hal_rcc_ex.o
      1620         34          0          0          0      13346   stm32l0xx_hal_spi.o
      1884         24          0          0          0      15608   stm32l0xx_hal_tim.o
        92          0          0          0          0       1208   stm32l0xx_hal_tim_ex.o
      3518         88          0          0          0      16819   stm32l0xx_hal_uart.o
         2          0          0          0          0        916   stm32l0xx_hal_uart_ex.o
       194         50          0          0          0       5187   stm32l0xx_it.o
       104         16         33          4          0       1175   system_stm32l0xx.o
      2964        556        497          9        512      10603   uart.o

    ----------------------------------------------------------------------
     25046       2280        912         80       2772     524601   Object Totals
         0          0         32          0          0          0   (incl. Generated)
        28          0         11          7          7          0   (incl. Padding)

    ----------------------------------------------------------------------

      Code (inc. data)   RO Data    RW Data    ZI Data      Debug   Library Member Name

       540         68        152          0          0        112   atan.o
       376         42          0          0          0        144   atan2.o
        42          0          0          0          0         76   atof.o
       152         10          0          0          0        104   cos.o
       244         20         48          0          0         92   cos_i.o
        94         14          0          0          0        408   dunder.o
        44          4          0          0          0         60   fpclassify.o
       172          0          0          0          0         76   poly.o
      2556        196        136          0          0        240   pow.o
         0          0          8          0          0          0   qnan.o
       924         86        200          0          0        120   rred.o
       156         10          0          0          0        104   sin.o
       236         14         40          0          0        100   sin_i.o
        72          6          0          0          0         76   sqrt.o
        30          0          0          0          0         60   _chval.o
        68          0          0          0          0         76   _sgetc.o
       166          0          0          0          0         84   _strtoul.o
        26          0          0          0          0         72   atoi.o
         8          4        133          0          0         60   ctype_o.o
         0          0          0          0          0          0   entry.o
         0          0          0          0          0          0   entry10a.o
         0          0          0          0          0          0   entry11a.o
         8          4          0          0          0          0   entry2.o
         4          0          0          0          0          0   entry5.o
         0          0          0          0          0          0   entry7b.o
         0          0          0          0          0          0   entry8b.o
         8          4          0          0          0          0   entry9a.o
        32         16          0          4          0        180   errno.o
        30          0          0          0          0          0   handlers.o
        40          0          0          0          0         72   idiv.o
        36          8          0          0          0         68   init.o
        18          0          0          0          0         68   isspace_o.o
         0          0          0          0          0          0   iusefp.o
       122          0          0          0          0         84   llmul.o
        32          0          0          0          0         68   llshl.o
        38          0          0          0          0         68   llsshr.o
        34          0          0          0          0         68   llushr.o
        36          0          0          0          0         60   memcpya.o
        36          0          0          0          0        100   memseta.o
      2270         94          0          0          0        472   printfa.o
       898         12          0          0          0        184   scanf_fp.o
        14          0          0          0          0         60   strlen.o
       164         16          0          0          0        120   strtod.o
       112          4          0          0          0         76   strtol.o
        44          0          0          0          0         72   uidiv.o
        96          0          0          0          0         84   uldiv.o
        40          2          0          0          0         68   cdcmple.o
        40          2          0          0          0         68   cdrcmple.o
        20          0          0          0          0         68   cfcmple.o
        56          0          0          0          0         68   d2f.o
       356          4          0          0          0        140   dadd.o
       240          6          0          0          0         84   ddiv.o
       236          0          0          0          0        216   depilogue.o
        72         10          0          0          0         72   dfixi.o
        64         10          0          0          0         68   dfixul.o
        40          6          0          0          0         68   dflti.o
        28          4          0          0          0         68   dfltui.o
        28          6          0          0          0         68   dfltul.o
       208          6          0          0          0         88   dmul.o
        44          0          0          0          0         72   dscalb.o
       162          0          0          0          0         80   dsqrt.o
        40          0          0          0          0         60   f2d.o
       178          0          0          0          0        108   fadd.o
       130          0          0          0          0        144   fepilogue.o
        40          0          0          0          0         60   ffixui.o
       122          0          0          0          0         72   fmul.o

    ----------------------------------------------------------------------
     12138        688        720          4          0       5708   Library Totals
        16          0          3          0          0          0   (incl. Padding)

    ----------------------------------------------------------------------

      Code (inc. data)   RO Data    RW Data    ZI Data      Debug   Library Name

      5608        470        584          0          0       1712   m_ps.l
      4370        162        133          4          0       2256   mc_p.l
      2144         56          0          0          0       1740   mf_p.l

    ----------------------------------------------------------------------
     12138        688        720          4          0       5708   Library Totals

    ----------------------------------------------------------------------

==============================================================================


      Code (inc. data)   RO Data    RW Data    ZI Data      Debug   

     37184       2968       1632         84       2772     519217   Grand Totals
     37184       2968       1632         84       2772     519217   ELF Image Totals
     37184       2968       1632         84          0          0   ROM Totals

==============================================================================

    Total RO  Size (Code + RO Data)                38816 (  37.91kB)
    Total RW  Size (RW Data + ZI Data)              2856 (   2.79kB)
    Total ROM Size (Code + RO Data + RW Data)      38900 (  37.99kB)

==============================================================================

